Archive member included to satisfy reference by file (symbol)

C:/ST/STM32CubeCLT_1.15.0/GNU-tools-for-STM32/bin/../lib/gcc/arm-none-eabi/12.3.1/../../../../arm-none-eabi/lib/thumb/v7e-m+fp/hard\libc_nano.a(libc_a-exit.o)
                              C:/ST/STM32CubeCLT_1.15.0/GNU-tools-for-STM32/bin/../lib/gcc/arm-none-eabi/12.3.1/../../../../arm-none-eabi/lib/thumb/v7e-m+fp/hard/crt0.o (exit)
C:/ST/STM32CubeCLT_1.15.0/GNU-tools-for-STM32/bin/../lib/gcc/arm-none-eabi/12.3.1/../../../../arm-none-eabi/lib/thumb/v7e-m+fp/hard\libc_nano.a(libc_a-findfp.o)
                              C:/ST/STM32CubeCLT_1.15.0/GNU-tools-for-STM32/bin/../lib/gcc/arm-none-eabi/12.3.1/../../../../arm-none-eabi/lib/thumb/v7e-m+fp/hard\libc_nano.a(libc_a-exit.o) (__stdio_exit_handler)
C:/ST/STM32CubeCLT_1.15.0/GNU-tools-for-STM32/bin/../lib/gcc/arm-none-eabi/12.3.1/../../../../arm-none-eabi/lib/thumb/v7e-m+fp/hard\libc_nano.a(libc_a-fwalk.o)
                              C:/ST/STM32CubeCLT_1.15.0/GNU-tools-for-STM32/bin/../lib/gcc/arm-none-eabi/12.3.1/../../../../arm-none-eabi/lib/thumb/v7e-m+fp/hard\libc_nano.a(libc_a-findfp.o) (_fwalk_sglue)
C:/ST/STM32CubeCLT_1.15.0/GNU-tools-for-STM32/bin/../lib/gcc/arm-none-eabi/12.3.1/../../../../arm-none-eabi/lib/thumb/v7e-m+fp/hard\libc_nano.a(libc_a-stdio.o)
                              C:/ST/STM32CubeCLT_1.15.0/GNU-tools-for-STM32/bin/../lib/gcc/arm-none-eabi/12.3.1/../../../../arm-none-eabi/lib/thumb/v7e-m+fp/hard\libc_nano.a(libc_a-findfp.o) (__sread)
C:/ST/STM32CubeCLT_1.15.0/GNU-tools-for-STM32/bin/../lib/gcc/arm-none-eabi/12.3.1/../../../../arm-none-eabi/lib/thumb/v7e-m+fp/hard\libc_nano.a(libc_a-memset.o)
                              C:/ST/STM32CubeCLT_1.15.0/GNU-tools-for-STM32/bin/../lib/gcc/arm-none-eabi/12.3.1/../../../../arm-none-eabi/lib/thumb/v7e-m+fp/hard/crt0.o (memset)
C:/ST/STM32CubeCLT_1.15.0/GNU-tools-for-STM32/bin/../lib/gcc/arm-none-eabi/12.3.1/../../../../arm-none-eabi/lib/thumb/v7e-m+fp/hard\libc_nano.a(libc_a-closer.o)
                              C:/ST/STM32CubeCLT_1.15.0/GNU-tools-for-STM32/bin/../lib/gcc/arm-none-eabi/12.3.1/../../../../arm-none-eabi/lib/thumb/v7e-m+fp/hard\libc_nano.a(libc_a-stdio.o) (_close_r)
C:/ST/STM32CubeCLT_1.15.0/GNU-tools-for-STM32/bin/../lib/gcc/arm-none-eabi/12.3.1/../../../../arm-none-eabi/lib/thumb/v7e-m+fp/hard\libc_nano.a(libc_a-reent.o)
                              C:/ST/STM32CubeCLT_1.15.0/GNU-tools-for-STM32/bin/../lib/gcc/arm-none-eabi/12.3.1/../../../../arm-none-eabi/lib/thumb/v7e-m+fp/hard\libc_nano.a(libc_a-closer.o) (errno)
C:/ST/STM32CubeCLT_1.15.0/GNU-tools-for-STM32/bin/../lib/gcc/arm-none-eabi/12.3.1/../../../../arm-none-eabi/lib/thumb/v7e-m+fp/hard\libc_nano.a(libc_a-impure.o)
                              C:/ST/STM32CubeCLT_1.15.0/GNU-tools-for-STM32/bin/../lib/gcc/arm-none-eabi/12.3.1/../../../../arm-none-eabi/lib/thumb/v7e-m+fp/hard\libc_nano.a(libc_a-reent.o) (_impure_ptr)
C:/ST/STM32CubeCLT_1.15.0/GNU-tools-for-STM32/bin/../lib/gcc/arm-none-eabi/12.3.1/../../../../arm-none-eabi/lib/thumb/v7e-m+fp/hard\libc_nano.a(libc_a-lseekr.o)
                              C:/ST/STM32CubeCLT_1.15.0/GNU-tools-for-STM32/bin/../lib/gcc/arm-none-eabi/12.3.1/../../../../arm-none-eabi/lib/thumb/v7e-m+fp/hard\libc_nano.a(libc_a-stdio.o) (_lseek_r)
C:/ST/STM32CubeCLT_1.15.0/GNU-tools-for-STM32/bin/../lib/gcc/arm-none-eabi/12.3.1/../../../../arm-none-eabi/lib/thumb/v7e-m+fp/hard\libc_nano.a(libc_a-readr.o)
                              C:/ST/STM32CubeCLT_1.15.0/GNU-tools-for-STM32/bin/../lib/gcc/arm-none-eabi/12.3.1/../../../../arm-none-eabi/lib/thumb/v7e-m+fp/hard\libc_nano.a(libc_a-stdio.o) (_read_r)
C:/ST/STM32CubeCLT_1.15.0/GNU-tools-for-STM32/bin/../lib/gcc/arm-none-eabi/12.3.1/../../../../arm-none-eabi/lib/thumb/v7e-m+fp/hard\libc_nano.a(libc_a-writer.o)
                              C:/ST/STM32CubeCLT_1.15.0/GNU-tools-for-STM32/bin/../lib/gcc/arm-none-eabi/12.3.1/../../../../arm-none-eabi/lib/thumb/v7e-m+fp/hard\libc_nano.a(libc_a-stdio.o) (_write_r)
C:/ST/STM32CubeCLT_1.15.0/GNU-tools-for-STM32/bin/../lib/gcc/arm-none-eabi/12.3.1/../../../../arm-none-eabi/lib/thumb/v7e-m+fp/hard\libc_nano.a(libc_a-init.o)
                              C:/ST/STM32CubeCLT_1.15.0/GNU-tools-for-STM32/bin/../lib/gcc/arm-none-eabi/12.3.1/../../../../arm-none-eabi/lib/thumb/v7e-m+fp/hard/crt0.o (__libc_init_array)
C:/ST/STM32CubeCLT_1.15.0/GNU-tools-for-STM32/bin/../lib/gcc/arm-none-eabi/12.3.1/../../../../arm-none-eabi/lib/thumb/v7e-m+fp/hard\libc_nano.a(libc_a-lock.o)
                              C:/ST/STM32CubeCLT_1.15.0/GNU-tools-for-STM32/bin/../lib/gcc/arm-none-eabi/12.3.1/../../../../arm-none-eabi/lib/thumb/v7e-m+fp/hard\libc_nano.a(libc_a-findfp.o) (__retarget_lock_init_recursive)
C:/ST/STM32CubeCLT_1.15.0/GNU-tools-for-STM32/bin/../lib/gcc/arm-none-eabi/12.3.1/../../../../arm-none-eabi/lib/thumb/v7e-m+fp/hard\libc_nano.a(libc_a-freer.o)
[...]
Memory Configuration

Name             Origin             Length             Attributes
RAM              0x20000000         0x00020000         xrw
CCMRAM           0x10000000         0x00010000         xrw
FLASH            0x08000000         0x00080000         xr
*default*        0x00000000         0xffffffff

Linker script and memory map

LOAD C:/ST/STM32CubeCLT_1.15.0/GNU-tools-for-STM32/bin/../lib/gcc/arm-none-eabi/12.3.1/thumb/v7e-m+fp/hard/crti.o
LOAD C:/ST/STM32CubeCLT_1.15.0/GNU-tools-for-STM32/bin/../lib/gcc/arm-none-eabi/12.3.1/thumb/v7e-m+fp/hard/crtbegin.o
LOAD C:/ST/STM32CubeCLT_1.15.0/GNU-tools-for-STM32/bin/../lib/gcc/arm-none-eabi/12.3.1/../../../../arm-none-eabi/lib/thumb/v7e-m+fp/hard/crt0.o
START GROUP
LOAD C:/ST/STM32CubeCLT_1.15.0/GNU-tools-for-STM32/bin/../lib/gcc/arm-none-eabi/12.3.1/../../../../arm-none-eabi/lib/thumb/v7e-m+fp/hard\libc_nano.a
LOAD C:/ST/STM32CubeCLT_1.15.0/GNU-tools-for-STM32/bin/../lib/gcc/arm-none-eabi/12.3.1/../../../../arm-none-eabi/lib/thumb/v7e-m+fp/hard\libm.a
END GROUP
LOAD CMakeFiles/stm32f407-fw.dir/BSP/hw/hw.c.obj
LOAD CMakeFiles/stm32f407-fw.dir/BSP/hw/driver/log.c.obj
LOAD CMakeFiles/stm32f407-fw.dir/BSP/hw/driver/led.c.obj
LOAD CMakeFiles/stm32f407-fw.dir/BSP/hw/driver/uart.c.obj
LOAD CMakeFiles/stm32f407-fw.dir/BSP/hw/driver/swtimer.c.obj
LOAD CMakeFiles/stm32f407-fw.dir/BSP/hw/driver/button.c.obj
LOAD CMakeFiles/stm32f407-fw.dir/BSP/common/hw/src/cli.c.obj
LOAD CMakeFiles/stm32f407-fw.dir/BSP/common/hw/src/cli_gui.c.obj
LOAD CMakeFiles/stm32f407-fw.dir/BSP/common/core/qbuffer.c.obj
LOAD CMakeFiles/stm32f407-fw.dir/BSP/common/core/util.c.obj
LOAD CMakeFiles/stm32f407-fw.dir/BSP/bsp/bsp.c.obj
LOAD CMakeFiles/stm32f407-fw.dir/BSP/ap/ap.c.obj
LOAD CMakeFiles/stm32f407-fw.dir/Core/Src/main.c.obj
LOAD CMakeFiles/stm32f407-fw.dir/Core/Src/gpio.c.obj
LOAD CMakeFiles/stm32f407-fw.dir/Core/Src/dma.c.obj
LOAD CMakeFiles/stm32f407-fw.dir/Core/Src/i2c.c.obj
LOAD CMakeFiles/stm32f407-fw.dir/Core/Src/rtc.c.obj
LOAD CMakeFiles/stm32f407-fw.dir/Core/Src/tim.c.obj
LOAD CMakeFiles/stm32f407-fw.dir/Core/Src/usart.c.obj
LOAD CMakeFiles/stm32f407-fw.dir/Core/Src/stm32f4xx_it.c.obj
LOAD CMakeFiles/stm32f407-fw.dir/Core/Src/stm32f4xx_hal_msp.c.obj
LOAD CMakeFiles/stm32f407-fw.dir/Drivers/STM32F4xx_HAL_Driver/Src/stm32f4xx_hal_i2c.c.obj
LOAD CMakeFiles/stm32f407-fw.dir/Drivers/STM32F4xx_HAL_Driver/Src/stm32f4xx_hal_i2c_ex.c.obj
LOAD CMakeFiles/stm32f407-fw.dir/Drivers/STM32F4xx_HAL_Driver/Src/stm32f4xx_hal_rcc.c.obj
LOAD CMakeFiles/stm32f407-fw.dir/Drivers/STM32F4xx_HAL_Driver/Src/stm32f4xx_hal_rcc_ex.c.obj
LOAD CMakeFiles/stm32f407-fw.dir/Drivers/STM32F4xx_HAL_Driver/Src/stm32f4xx_hal_flash.c.obj
LOAD CMakeFiles/stm32f407-fw.dir/Drivers/STM32F4xx_HAL_Driver/Src/stm32f4xx_hal_flash_ex.c.obj
LOAD CMakeFiles/stm32f407-fw.dir/Drivers/STM32F4xx_HAL_Driver/Src/stm32f4xx_hal_flash_ramfunc.c.obj
LOAD CMakeFiles/stm32f407-fw.dir/Drivers/STM32F4xx_HAL_Driver/Src/stm32f4xx_hal_gpio.c.obj
LOAD CMakeFiles/stm32f407-fw.dir/Drivers/STM32F4xx_HAL_Driver/Src/stm32f4xx_hal_dma_ex.c.obj
LOAD CMakeFiles/stm32f407-fw.dir/Drivers/STM32F4xx_HAL_Driver/Src/stm32f4xx_hal_dma.c.obj
LOAD CMakeFiles/stm32f407-fw.dir/Drivers/STM32F4xx_HAL_Driver/Src/stm32f4xx_hal_pwr.c.obj
LOAD CMakeFiles/stm32f407-fw.dir/Drivers/STM32F4xx_HAL_Driver/Src/stm32f4xx_hal_pwr_ex.c.obj
LOAD CMakeFiles/stm32f407-fw.dir/Drivers/STM32F4xx_HAL_Driver/Src/stm32f4xx_hal_cortex.c.obj
LOAD CMakeFiles/stm32f407-fw.dir/Drivers/STM32F4xx_HAL_Driver/Src/stm32f4xx_hal.c.obj
LOAD CMakeFiles/stm32f407-fw.dir/Drivers/STM32F4xx_HAL_Driver/Src/stm32f4xx_hal_exti.c.obj
LOAD CMakeFiles/stm32f407-fw.dir/Drivers/STM32F4xx_HAL_Driver/Src/stm32f4xx_hal_rtc.c.obj
LOAD CMakeFiles/stm32f407-fw.dir/Drivers/STM32F4xx_HAL_Driver/Src/stm32f4xx_hal_rtc_ex.c.obj
LOAD CMakeFiles/stm32f407-fw.dir/Drivers/STM32F4xx_HAL_Driver/Src/stm32f4xx_hal_tim.c.obj
LOAD CMakeFiles/stm32f407-fw.dir/Drivers/STM32F4xx_HAL_Driver/Src/stm32f4xx_hal_tim_ex.c.obj
LOAD CMakeFiles/stm32f407-fw.dir/Drivers/STM32F4xx_HAL_Driver/Src/stm32f4xx_hal_uart.c.obj
LOAD CMakeFiles/stm32f407-fw.dir/Core/Src/system_stm32f4xx.c.obj
LOAD CMakeFiles/stm32f407-fw.dir/Core/Src/sysmem.c.obj
LOAD CMakeFiles/stm32f407-fw.dir/Core/Src/syscalls.c.obj
LOAD CMakeFiles/stm32f407-fw.dir/startup_stm32f407xx.s.obj
START GROUP
LOAD C:/ST/STM32CubeCLT_1.15.0/GNU-tools-for-STM32/bin/../lib/gcc/arm-none-eabi/12.3.1/thumb/v7e-m+fp/hard\libgcc.a
LOAD C:/ST/STM32CubeCLT_1.15.0/GNU-tools-for-STM32/bin/../lib/gcc/arm-none-eabi/12.3.1/../../../../arm-none-eabi/lib/thumb/v7e-m+fp/hard\libg_nano.a
LOAD C:/ST/STM32CubeCLT_1.15.0/GNU-tools-for-STM32/bin/../lib/gcc/arm-none-eabi/12.3.1/../../../../arm-none-eabi/lib/thumb/v7e-m+fp/hard\libc_nano.a
END GROUP
START GROUP
LOAD C:/ST/STM32CubeCLT_1.15.0/GNU-tools-for-STM32/bin/../lib/gcc/arm-none-eabi/12.3.1/thumb/v7e-m+fp/hard\libgcc.a
LOAD C:/ST/STM32CubeCLT_1.15.0/GNU-tools-for-STM32/bin/../lib/gcc/arm-none-eabi/12.3.1/../../../../arm-none-eabi/lib/thumb/v7e-m+fp/hard\libc_nano.a
END GROUP
LOAD C:/ST/STM32CubeCLT_1.15.0/GNU-tools-for-STM32/bin/../lib/gcc/arm-none-eabi/12.3.1/thumb/v7e-m+fp/hard/crtend.o
LOAD C:/ST/STM32CubeCLT_1.15.0/GNU-tools-for-STM32/bin/../lib/gcc/arm-none-eabi/12.3.1/thumb/v7e-m+fp/hard/crtn.o
                0x20020000                        _estack = (ORIGIN (RAM) + LENGTH (RAM))
                0x00000200                        _Min_Heap_Size = 0x200
                0x00000400                        _Min_Stack_Size = 0x400

.isr_vector     0x08000000      0x188
                0x08000000                        . = ALIGN (0x4)
 *(.isr_vector)
 .isr_vector    0x08000000      0x188 CMakeFiles/stm32f407-fw.dir/startup_stm32f407xx.s.obj
                0x08000000                g_pfnVectors
                0x08000188                        . = ALIGN (0x4)

.text           0x08000190     0x9d24
                0x08000190                        . = ALIGN (0x4)
 *(.text)
 .text          0x08000190       0x40 C:/ST/STM32CubeCLT_1.15.0/GNU-tools-for-STM32/bin/../lib/gcc/arm-none-eabi/12.3.1/thumb/v7e-m+fp/hard/crtbegin.o
 .text          0x080001d0       0x30 C:/ST/STM32CubeCLT_1.15.0/GNU-tools-for-STM32/bin/../lib/gcc/arm-none-eabi/12.3.1/thumb/v7e-m+fp/hard\libgcc.a(_aeabi_uldivmod.o)
                0x080001d0                __aeabi_uldivmod
 .text          0x08000200      0x2bc C:/ST/STM32CubeCLT_1.15.0/GNU-tools-for-STM32/bin/../lib/gcc/arm-none-eabi/12.3.1/thumb/v7e-m+fp/hard\libgcc.a(_udivmoddi4.o)
                0x08000200                __udivmoddi4
 .text          0x080004bc        0x4 C:/ST/STM32CubeCLT_1.15.0/GNU-tools-for-STM32/bin/../lib/gcc/arm-none-eabi/12.3.1/thumb/v7e-m+fp/hard\libgcc.a(_dvmd_tls.o)
                0x080004bc                __aeabi_idiv0
                0x080004bc                __aeabi_ldiv0
 .text          0x080004c0       0x14 C:/ST/STM32CubeCLT_1.15.0/GNU-tools-for-STM32/bin/../lib/gcc/arm-none-eabi/12.3.1/../../../../arm-none-eabi/lib/thumb/v7e-m+fp/hard\libg_nano.a(libc_a-strcmp.o)
                0x080004c0                strcmp
 *fill*         0x080004d4        0xc 
 .text          0x080004e0       0xa0 C:/ST/STM32CubeCLT_1.15.0/GNU-tools-for-STM32/bin/../lib/gcc/arm-none-eabi/12.3.1/../../../../arm-none-eabi/lib/thumb/v7e-m+fp/hard\libg_nano.a(libc_a-memchr.o)
                0x080004e0                memchr
 .text          0x08000580      0x378 C:/ST/STM32CubeCLT_1.15.0/GNU-tools-for-STM32/bin/../lib/gcc/arm-none-eabi/12.3.1/thumb/v7e-m+fp/hard\libgcc.a(_arm_addsubdf3.o)
                0x08000580                __aeabi_drsub
                0x08000588                __aeabi_dsub
                0x08000588                __subdf3
                0x0800058c                __aeabi_dadd
                0x0800058c                __adddf3
                0x08000804                __floatunsidf
                0x08000804                __aeabi_ui2d
                0x08000824                __floatsidf
                0x08000824                __aeabi_i2d
                0x08000848                __aeabi_f2d
                0x08000848                __extendsfdf2
                0x0800088c                __floatundidf
                0x0800088c                __aeabi_ul2d
                0x0800089c                __floatdidf
                0x0800089c                __aeabi_l2d
 .text          0x080008f8      0x424 C:/ST/STM32CubeCLT_1.15.0/GNU-tools-for-STM32/bin/../lib/gcc/arm-none-eabi/12.3.1/thumb/v7e-m+fp/hard\libgcc.a(_arm_muldivdf3.o)
                0x080008f8                __aeabi_dmul
                0x080008f8                __muldf3
                0x08000b4c                __divdf3
                0x08000b4c                __aeabi_ddiv
 .text          0x08000d1c      0x110 C:/ST/STM32CubeCLT_1.15.0/GNU-tools-for-STM32/bin/../lib/gcc/arm-none-eabi/12.3.1/thumb/v7e-m+fp/hard\libgcc.a(_arm_cmpdf2.o)
                0x08000d1c                __gtdf2
                0x08000d1c                __gedf2
                0x08000d24                __ltdf2
                0x08000d24                __ledf2
                0x08000d2c                __nedf2
                0x08000d2c                __eqdf2
                0x08000d2c                __cmpdf2
                0x08000da8                __aeabi_cdrcmple
                0x08000db8                __aeabi_cdcmpeq
                0x08000db8                __aeabi_cdcmple
                0x08000dc8                __aeabi_dcmpeq
                0x08000ddc                __aeabi_dcmplt
                0x08000df0                __aeabi_dcmple
                0x08000e04                __aeabi_dcmpge
                0x08000e18                __aeabi_dcmpgt
 .text          0x08000e2c       0x2c C:/ST/STM32CubeCLT_1.15.0/GNU-tools-for-STM32/bin/../lib/gcc/arm-none-eabi/12.3.1/thumb/v7e-m+fp/hard\libgcc.a(_arm_unorddf2.o)
                0x08000e2c                __unorddf2
                0x08000e2c                __aeabi_dcmpun
 .text          0x08000e58       0x40 C:/ST/STM32CubeCLT_1.15.0/GNU-tools-for-STM32/bin/../lib/gcc/arm-none-eabi/12.3.1/thumb/v7e-m+fp/hard\libgcc.a(_arm_fixunsdfsi.o)
                0x08000e58                __aeabi_d2uiz
                0x08000e58                __fixunsdfsi
 .text          0x08000e98       0xa0 C:/ST/STM32CubeCLT_1.15.0/GNU-tools-for-STM32/bin/../lib/gcc/arm-none-eabi/12.3.1/thumb/v7e-m+fp/hard\libgcc.a(_arm_truncdfsf2.o)
                0x08000e98                __truncdfsf2
                0x08000e98                __aeabi_d2f
 .text          0x08000f38       0x30 C:/ST/STM32CubeCLT_1.15.0/GNU-tools-for-STM32/bin/../lib/gcc/arm-none-eabi/12.3.1/thumb/v7e-m+fp/hard\libgcc.a(_fixdfdi.o)
                0x08000f38                __fixdfdi
                0x08000f38                __aeabi_d2lz
 .text          0x08000f68       0x3c C:/ST/STM32CubeCLT_1.15.0/GNU-tools-for-STM32/bin/../lib/gcc/arm-none-eabi/12.3.1/thumb/v7e-m+fp/hard\libgcc.a(_fixunsdfdi.o)
                0x08000f68                __fixunsdfdi
                0x08000f68                __aeabi_d2ulz
 *(.text*)
 .text.std      0x08000fa4       0x6c C:/ST/STM32CubeCLT_1.15.0/GNU-tools-for-STM32/bin/../lib/gcc/arm-none-eabi/12.3.1/../../../../arm-none-eabi/lib/thumb/v7e-m+fp/hard\libc_nano.a(libc_a-findfp.o)
 .text.stdio_exit_handler
                0x08001010       0x18 C:/ST/STM32CubeCLT_1.15.0/GNU-tools-for-STM32/bin/../lib/gcc/arm-none-eabi/12.3.1/../../../../arm-none-eabi/lib/thumb/v7e-m+fp/hard\libc_nano.a(libc_a-findfp.o)
 .text.cleanup_stdio
                0x08001028       0x40 C:/ST/STM32CubeCLT_1.15.0/GNU-tools-for-STM32/bin/../lib/gcc/arm-none-eabi/12.3.1/../../../../arm-none-eabi/lib/thumb/v7e-m+fp/hard\libc_nano.a(libc_a-findfp.o)
 .text.global_stdio_init.part.0
                0x08001068       0x3c C:/ST/STM32CubeCLT_1.15.0/GNU-tools-for-STM32/bin/../lib/gcc/arm-none-eabi/12.3.1/../../../../arm-none-eabi/lib/thumb/v7e-m+fp/hard\libc_nano.a(libc_a-findfp.o)
 .text.__sfp_lock_acquire
                0x080010a4        0xc C:/ST/STM32CubeCLT_1.15.0/GNU-tools-for-STM32/bin/../lib/gcc/arm-none-eabi/12.3.1/../../../../arm-none-eabi/lib/thumb/v7e-m+fp/hard\libc_nano.a(libc_a-findfp.o)
                0x080010a4                __sfp_lock_acquire
 .text.__sfp_lock_release
                0x080010b0        0xc C:/ST/STM32CubeCLT_1.15.0/GNU-tools-for-STM32/bin/../lib/gcc/arm-none-eabi/12.3.1/../../../../arm-none-eabi/lib/thumb/v7e-m+fp/hard\libc_nano.a(libc_a-findfp.o)
                0x080010b0                __sfp_lock_release
 .text.__sinit  0x080010bc       0x30 C:/ST/STM32CubeCLT_1.15.0/GNU-tools-for-STM32/bin/../lib/gcc/arm-none-eabi/12.3.1/../../../../arm-none-eabi/lib/thumb/v7e-m+fp/hard\libc_nano.a(libc_a-findfp.o)
                0x080010bc                __sinit
 .text._fwalk_sglue
                0x080010ec       0x3c C:/ST/STM32CubeCLT_1.15.0/GNU-tools-for-STM32/bin/../lib/gcc/arm-none-eabi/12.3.1/../../../../arm-none-eabi/lib/thumb/v7e-m+fp/hard\libc_nano.a(libc_a-fwalk.o)
                0x080010ec                _fwalk_sglue
 .text.__sread  0x08001128       0x22 C:/ST/STM32CubeCLT_1.15.0/GNU-tools-for-STM32/bin/../lib/gcc/arm-none-eabi/12.3.1/../../../../arm-none-eabi/lib/thumb/v7e-m+fp/hard\libc_nano.a(libc_a-stdio.o)
                0x08001128                __sread
 .text.__swrite
                0x0800114a       0x38 C:/ST/STM32CubeCLT_1.15.0/GNU-tools-for-STM32/bin/../lib/gcc/arm-none-eabi/12.3.1/../../../../arm-none-eabi/lib/thumb/v7e-m+fp/hard\libc_nano.a(libc_a-stdio.o)
                0x0800114a                __swrite
 .text.__sseek  0x08001182       0x24 C:/ST/STM32CubeCLT_1.15.0/GNU-tools-for-STM32/bin/../lib/gcc/arm-none-eabi/12.3.1/../../../../arm-none-eabi/lib/thumb/v7e-m+fp/hard\libc_nano.a(libc_a-stdio.o)
                0x08001182                __sseek
 .text.__sclose
                0x080011a6        0x8 C:/ST/STM32CubeCLT_1.15.0/GNU-tools-for-STM32/bin/../lib/gcc/arm-none-eabi/12.3.1/../../../../arm-none-eabi/lib/thumb/v7e-m+fp/hard\libc_nano.a(libc_a-stdio.o)
                0x080011a6                __sclose
 .text.memset   0x080011ae       0x10 C:/ST/STM32CubeCLT_1.15.0/GNU-tools-for-STM32/bin/../lib/gcc/arm-none-eabi/12.3.1/../../../../arm-none-eabi/lib/thumb/v7e-m+fp/hard\libc_nano.a(libc_a-memset.o)
                0x080011ae                memset
 *fill*         0x080011be        0x2 
 .text._close_r
                0x080011c0       0x20 C:/ST/STM32CubeCLT_1.15.0/GNU-tools-for-STM32/bin/../lib/gcc/arm-none-eabi/12.3.1/../../../../arm-none-eabi/lib/thumb/v7e-m+fp/hard\libc_nano.a(libc_a-closer.o)
                0x080011c0                _close_r
 .text._lseek_r
                0x080011e0       0x24 C:/ST/STM32CubeCLT_1.15.0/GNU-tools-for-STM32/bin/../lib/gcc/arm-none-eabi/12.3.1/../../../../arm-none-eabi/lib/thumb/v7e-m+fp/hard\libc_nano.a(libc_a-lseekr.o)
                0x080011e0                _lseek_r
 .text._read_r  0x08001204       0x24 C:/ST/STM32CubeCLT_1.15.0/GNU-tools-for-STM32/bin/../lib/gcc/arm-none-eabi/12.3.1/../../../../arm-none-eabi/lib/thumb/v7e-m+fp/hard\libc_nano.a(libc_a-readr.o)
                0x08001204                _read_r
 .text._write_r
                0x08001228       0x24 C:/ST/STM32CubeCLT_1.15.0/GNU-tools-for-STM32/bin/../lib/gcc/arm-none-eabi/12.3.1/../../../../arm-none-eabi/lib/thumb/v7e-m+fp/hard\libc_nano.a(libc_a-writer.o)
                0x08001228                _write_r
 .text.__libc_init_array
                0x0800124c       0x48 C:/ST/STM32CubeCLT_1.15.0/GNU-tools-for-STM32/bin/../lib/gcc/arm-none-eabi/12.3.1/../../../../arm-none-eabi/lib/thumb/v7e-m+fp/hard\libc_nano.a(libc_a-init.o)
                0x0800124c                __libc_init_array
 .text.__retarget_lock_init_recursive
                0x08001294        0x2 C:/ST/STM32CubeCLT_1.15.0/GNU-tools-for-STM32/bin/../lib/gcc/arm-none-eabi/12.3.1/../../../../arm-none-eabi/lib/thumb/v7e-m+fp/hard\libc_nano.a(libc_a-lock.o)
                0x08001294                __retarget_lock_init_recursive
 .text.__retarget_lock_acquire_recursive
                0x08001296        0x2 C:/ST/STM32CubeCLT_1.15.0/GNU-tools-for-STM32/bin/../lib/gcc/arm-none-eabi/12.3.1/../../../../arm-none-eabi/lib/thumb/v7e-m+fp/hard\libc_nano.a(libc_a-lock.o)
                0x08001296                __retarget_lock_acquire_recursive
 .text.__retarget_lock_release_recursive
                0x08001298        0x2 C:/ST/STM32CubeCLT_1.15.0/GNU-tools-for-STM32/bin/../lib/gcc/arm-none-eabi/12.3.1/../../../../arm-none-eabi/lib/thumb/v7e-m+fp/hard\libc_nano.a(libc_a-lock.o)
                0x08001298                __retarget_lock_release_recursive
 *fill*         0x0800129a        0x2 
 .text._free_r  0x0800129c       0x94 C:/ST/STM32CubeCLT_1.15.0/GNU-tools-for-STM32/bin/../lib/gcc/arm-none-eabi/12.3.1/../../../../arm-none-eabi/lib/thumb/v7e-m+fp/hard\libc_nano.a(libc_a-freer.o)
                0x0800129c                _free_r
 .text.sbrk_aligned
                0x08001330       0x44 C:/ST/STM32CubeCLT_1.15.0/GNU-tools-for-STM32/bin/../lib/gcc/arm-none-eabi/12.3.1/../../../../arm-none-eabi/lib/thumb/v7e-m+fp/hard\libc_nano.a(libc_a-mallocr.o)
 .text._malloc_r
                0x08001374      0x100 C:/ST/STM32CubeCLT_1.15.0/GNU-tools-for-STM32/bin/../lib/gcc/arm-none-eabi/12.3.1/../../../../arm-none-eabi/lib/thumb/v7e-m+fp/hard\libc_nano.a(libc_a-mallocr.o)
                0x08001374                _malloc_r
 .text.__malloc_lock
                0x08001474        0xc C:/ST/STM32CubeCLT_1.15.0/GNU-tools-for-STM32/bin/../lib/gcc/arm-none-eabi/12.3.1/../../../../arm-none-eabi/lib/thumb/v7e-m+fp/hard\libc_nano.a(libc_a-mlock.o)
                0x08001474                __malloc_lock
 .text.__malloc_unlock
                0x08001480        0xc C:/ST/STM32CubeCLT_1.15.0/GNU-tools-for-STM32/bin/../lib/gcc/arm-none-eabi/12.3.1/../../../../arm-none-eabi/lib/thumb/v7e-m+fp/hard\libc_nano.a(libc_a-mlock.o)
                0x08001480                __malloc_unlock
 .text.__sflush_r
                0x0800148c      0x108 C:/ST/STM32CubeCLT_1.15.0/GNU-tools-for-STM32/bin/../lib/gcc/arm-none-eabi/12.3.1/../../../../arm-none-eabi/lib/thumb/v7e-m+fp/hard\libc_nano.a(libc_a-fflush.o)
                0x0800148c                __sflush_r
 .text._fflush_r
                0x08001594       0x50 C:/ST/STM32CubeCLT_1.15.0/GNU-tools-for-STM32/bin/../lib/gcc/arm-none-eabi/12.3.1/../../../../arm-none-eabi/lib/thumb/v7e-m+fp/hard\libc_nano.a(libc_a-fflush.o)
                0x08001594                _fflush_r
 .text._sbrk_r  0x080015e4       0x20 C:/ST/STM32CubeCLT_1.15.0/GNU-tools-for-STM32/bin/../lib/gcc/arm-none-eabi/12.3.1/../../../../arm-none-eabi/lib/thumb/v7e-m+fp/hard\libc_nano.a(libc_a-sbrkr.o)
                0x080015e4                _sbrk_r
 .text.hwInit   0x08001604       0x48 CMakeFiles/stm32f407-fw.dir/BSP/hw/hw.c.obj
                0x08001604                hwInit
 .text.logInit  0x0800164c       0x74 CMakeFiles/stm32f407-fw.dir/BSP/hw/driver/log.c.obj
                0x0800164c                logInit
 .text.logBoot  0x080016c0       0x2c CMakeFiles/stm32f407-fw.dir/BSP/hw/driver/log.c.obj
                0x080016c0                logBoot
 .text.logBufPrintf
                0x080016ec       0xc0 CMakeFiles/stm32f407-fw.dir/BSP/hw/driver/log.c.obj
                0x080016ec                logBufPrintf
 .text.logPrintf
                0x080017ac       0x9c CMakeFiles/stm32f407-fw.dir/BSP/hw/driver/log.c.obj
                0x080017ac                logPrintf
 .text.cliCmd   0x08001848      0x180 CMakeFiles/stm32f407-fw.dir/BSP/hw/driver/log.c.obj
 .text.ledInit  0x080019c8       0x1c CMakeFiles/stm32f407-fw.dir/BSP/hw/driver/led.c.obj
                0x080019c8                ledInit
 .text.ledOff   0x080019e4       0x48 CMakeFiles/stm32f407-fw.dir/BSP/hw/driver/led.c.obj
                0x080019e4                ledOff
 .text.ledToggle
                0x08001a2c       0x3c CMakeFiles/stm32f407-fw.dir/BSP/hw/driver/led.c.obj
                0x08001a2c                ledToggle
 .text.cliLed   0x08001a68      0x100 CMakeFiles/stm32f407-fw.dir/BSP/hw/driver/led.c.obj
 .text.uartInit
                0x08001b68       0x94 CMakeFiles/stm32f407-fw.dir/BSP/hw/driver/uart.c.obj
                0x08001b68                uartInit
 .text.uartOpen
                0x08001bfc      0x2dc CMakeFiles/stm32f407-fw.dir/BSP/hw/driver/uart.c.obj
                0x08001bfc                uartOpen
 .text.uartAvailable
                0x08001ed8       0x80 CMakeFiles/stm32f407-fw.dir/BSP/hw/driver/uart.c.obj
                0x08001ed8                uartAvailable
 .text.uartRead
                0x08001f58       0x6c CMakeFiles/stm32f407-fw.dir/BSP/hw/driver/uart.c.obj
                0x08001f58                uartRead
 .text.uartWrite
                0x08001fc4       0x80 CMakeFiles/stm32f407-fw.dir/BSP/hw/driver/uart.c.obj
                0x08001fc4                uartWrite
 .text.uartPrintf
                0x08002044       0x70 CMakeFiles/stm32f407-fw.dir/BSP/hw/driver/uart.c.obj
                0x08002044                uartPrintf
 .text.uartGetBaud
                0x080020b4       0x40 CMakeFiles/stm32f407-fw.dir/BSP/hw/driver/uart.c.obj
                0x080020b4                uartGetBaud
 .text.cliUart  0x080020f4      0x174 CMakeFiles/stm32f407-fw.dir/BSP/hw/driver/uart.c.obj
 .text.swtimerInit
                0x08002268       0x90 CMakeFiles/stm32f407-fw.dir/BSP/hw/driver/swtimer.c.obj
                0x08002268                swtimerInit
 .text.swtimerSet
                0x080022f8       0x9c CMakeFiles/stm32f407-fw.dir/BSP/hw/driver/swtimer.c.obj
                0x080022f8                swtimerSet
 .text.swtimerStart
                0x08002394       0x60 CMakeFiles/stm32f407-fw.dir/BSP/hw/driver/swtimer.c.obj
                0x08002394                swtimerStart
 .text.swtimerGetHandle
                0x080023f4       0x40 CMakeFiles/stm32f407-fw.dir/BSP/hw/driver/swtimer.c.obj
                0x080023f4                swtimerGetHandle
 .text.buttonInit
                0x08002434      0x138 CMakeFiles/stm32f407-fw.dir/BSP/hw/driver/button.c.obj
                0x08002434                buttonInit
 .text.buttonISR
                0x0800256c      0x344 CMakeFiles/stm32f407-fw.dir/BSP/hw/driver/button.c.obj
 .text.buttonGetPin
                0x080028b0       0x60 CMakeFiles/stm32f407-fw.dir/BSP/hw/driver/button.c.obj
 .text.buttonGetPressed
                0x08002910       0x44 CMakeFiles/stm32f407-fw.dir/BSP/hw/driver/button.c.obj
                0x08002910                buttonGetPressed
 .text.buttonGetName
                0x08002954       0x30 CMakeFiles/stm32f407-fw.dir/BSP/hw/driver/button.c.obj
                0x08002954                buttonGetName
 .text.buttonGetPressedTime
                0x08002984       0x5c CMakeFiles/stm32f407-fw.dir/BSP/hw/driver/button.c.obj
                0x08002984                buttonGetPressedTime
 .text.cliButton
                0x080029e0      0x190 CMakeFiles/stm32f407-fw.dir/BSP/hw/driver/button.c.obj
 .text.cliInit  0x08002b70       0x9c CMakeFiles/stm32f407-fw.dir/BSP/common/hw/src/cli.c.obj
                0x08002b70                cliInit
 .text.cliOpen  0x08002c0c       0x58 CMakeFiles/stm32f407-fw.dir/BSP/common/hw/src/cli.c.obj
                0x08002c0c                cliOpen
 .text.cliGetPort
                0x08002c64       0x18 CMakeFiles/stm32f407-fw.dir/BSP/common/hw/src/cli.c.obj
                0x08002c64                cliGetPort
 .text.cliShowLog
                0x08002c7c      0x104 CMakeFiles/stm32f407-fw.dir/BSP/common/hw/src/cli.c.obj
                0x08002c7c                cliShowLog
 .text.cliShowPrompt
                0x08002d80       0x30 CMakeFiles/stm32f407-fw.dir/BSP/common/hw/src/cli.c.obj
 .text.cliMain  0x08002db0       0x44 CMakeFiles/stm32f407-fw.dir/BSP/common/hw/src/cli.c.obj
                0x08002db0                cliMain
 .text.cliAvailable
                0x08002df4       0x18 CMakeFiles/stm32f407-fw.dir/BSP/common/hw/src/cli.c.obj
                0x08002df4                cliAvailable
 .text.cliRead  0x08002e0c       0x18 CMakeFiles/stm32f407-fw.dir/BSP/common/hw/src/cli.c.obj
                0x08002e0c                cliRead
 .text.cliWrite
                0x08002e24       0x28 CMakeFiles/stm32f407-fw.dir/BSP/common/hw/src/cli.c.obj
                0x08002e24                cliWrite
 .text.cliUpdate
                0x08002e4c      0x4c4 CMakeFiles/stm32f407-fw.dir/BSP/common/hw/src/cli.c.obj
 .text.cliLineClean
                0x08003310       0x34 CMakeFiles/stm32f407-fw.dir/BSP/common/hw/src/cli.c.obj
 .text.cliLineAdd
                0x08003344       0x88 CMakeFiles/stm32f407-fw.dir/BSP/common/hw/src/cli.c.obj
 .text.cliLineChange
                0x080033cc      0x114 CMakeFiles/stm32f407-fw.dir/BSP/common/hw/src/cli.c.obj
 .text.cliRunCmd
                0x080034e0       0xc0 CMakeFiles/stm32f407-fw.dir/BSP/common/hw/src/cli.c.obj
 .text.cliParseArgs
                0x080035a0       0x90 CMakeFiles/stm32f407-fw.dir/BSP/common/hw/src/cli.c.obj
 .text.cliPrintf
                0x08003630       0x48 CMakeFiles/stm32f407-fw.dir/BSP/common/hw/src/cli.c.obj
                0x08003630                cliPrintf
 .text.cliToUpper
                0x08003678       0x68 CMakeFiles/stm32f407-fw.dir/BSP/common/hw/src/cli.c.obj
 .text.cliArgsGetData
                0x080036e0       0x50 CMakeFiles/stm32f407-fw.dir/BSP/common/hw/src/cli.c.obj
 .text.cliArgsGetFloat
                0x08003730       0x58 CMakeFiles/stm32f407-fw.dir/BSP/common/hw/src/cli.c.obj
 .text.cliArgsGetStr
                0x08003788       0x48 CMakeFiles/stm32f407-fw.dir/BSP/common/hw/src/cli.c.obj
 .text.cliArgsIsStr
                0x080037d0       0x54 CMakeFiles/stm32f407-fw.dir/BSP/common/hw/src/cli.c.obj
 .text.cliKeepLoop
                0x08003824       0x2c CMakeFiles/stm32f407-fw.dir/BSP/common/hw/src/cli.c.obj
                0x08003824                cliKeepLoop
 .text.cliAdd   0x08003850       0x90 CMakeFiles/stm32f407-fw.dir/BSP/common/hw/src/cli.c.obj
                0x08003850                cliAdd
 .text.cliShowList
                0x080038e0       0x70 CMakeFiles/stm32f407-fw.dir/BSP/common/hw/src/cli.c.obj
                0x080038e0                cliShowList
 .text.cliMemoryDump
                0x08003950      0x14c CMakeFiles/stm32f407-fw.dir/BSP/common/hw/src/cli.c.obj
                0x08003950                cliMemoryDump
 .text.qbufferCreate
                0x08003a9c       0x3c CMakeFiles/stm32f407-fw.dir/BSP/common/core/qbuffer.c.obj
                0x08003a9c                qbufferCreate
 .text.qbufferRead
                0x08003ad8       0xb0 CMakeFiles/stm32f407-fw.dir/BSP/common/core/qbuffer.c.obj
                0x08003ad8                qbufferRead
 .text.qbufferAvailable
                0x08003b88       0x36 CMakeFiles/stm32f407-fw.dir/BSP/common/core/qbuffer.c.obj
                0x08003b88                qbufferAvailable
 .text.delay    0x08003bbe       0x16 CMakeFiles/stm32f407-fw.dir/BSP/bsp/bsp.c.obj
                0x08003bbe                delay
 .text.millis   0x08003bd4        0xe CMakeFiles/stm32f407-fw.dir/BSP/bsp/bsp.c.obj
                0x08003bd4                millis
 .text.apInit   0x08003be2       0x18 CMakeFiles/stm32f407-fw.dir/BSP/ap/ap.c.obj
                0x08003be2                apInit
 .text.apMain   0x08003bfa        0xa CMakeFiles/stm32f407-fw.dir/BSP/ap/ap.c.obj
                0x08003bfa                apMain
 .text.main     0x08003c04       0x34 CMakeFiles/stm32f407-fw.dir/Core/Src/main.c.obj
                0x08003c04                main
 .text.SystemClock_Config
                0x08003c38       0xd8 CMakeFiles/stm32f407-fw.dir/Core/Src/main.c.obj
                0x08003c38                SystemClock_Config
 .text.Error_Handler
                0x08003d10        0xc CMakeFiles/stm32f407-fw.dir/Core/Src/main.c.obj
                0x08003d10                Error_Handler
 .text.MX_GPIO_Init
                0x08003d1c      0x15c CMakeFiles/stm32f407-fw.dir/Core/Src/gpio.c.obj
                0x08003d1c                MX_GPIO_Init
 .text.MX_DMA_Init
                0x08003e78       0x34 CMakeFiles/stm32f407-fw.dir/Core/Src/dma.c.obj
                0x08003e78                MX_DMA_Init
 .text.MX_I2C1_Init
                0x08003eac       0x5c CMakeFiles/stm32f407-fw.dir/Core/Src/i2c.c.obj
                0x08003eac                MX_I2C1_Init
 .text.HAL_I2C_MspInit
                0x08003f08       0x90 CMakeFiles/stm32f407-fw.dir/Core/Src/i2c.c.obj
                0x08003f08                HAL_I2C_MspInit
 .text.MX_RTC_Init
                0x08003f98       0x4c CMakeFiles/stm32f407-fw.dir/Core/Src/rtc.c.obj
                0x08003f98                MX_RTC_Init
 .text.HAL_RTC_MspInit
                0x08003fe4       0x54 CMakeFiles/stm32f407-fw.dir/Core/Src/rtc.c.obj
                0x08003fe4                HAL_RTC_MspInit
 .text.MX_TIM13_Init
                0x08004038       0x48 CMakeFiles/stm32f407-fw.dir/Core/Src/tim.c.obj
                0x08004038                MX_TIM13_Init
 .text.HAL_TIM_Base_MspInit
                0x08004080       0x50 CMakeFiles/stm32f407-fw.dir/Core/Src/tim.c.obj
                0x08004080                HAL_TIM_Base_MspInit
 .text.MX_USART3_UART_Init
                0x080040d0       0x54 CMakeFiles/stm32f407-fw.dir/Core/Src/usart.c.obj
                0x080040d0                MX_USART3_UART_Init
 .text.HAL_UART_MspInit
                0x08004124       0xf8 CMakeFiles/stm32f407-fw.dir/Core/Src/usart.c.obj
                0x08004124                HAL_UART_MspInit
 .text.HAL_UART_MspDeInit
                0x0800421c       0x48 CMakeFiles/stm32f407-fw.dir/Core/Src/usart.c.obj
                0x0800421c                HAL_UART_MspDeInit
 .text.NMI_Handler
                0x08004264        0x8 CMakeFiles/stm32f407-fw.dir/Core/Src/stm32f4xx_it.c.obj
                0x08004264                NMI_Handler
 .text.HardFault_Handler
                0x0800426c        0x8 CMakeFiles/stm32f407-fw.dir/Core/Src/stm32f4xx_it.c.obj
                0x0800426c                HardFault_Handler
 .text.MemManage_Handler
                0x08004274        0x8 CMakeFiles/stm32f407-fw.dir/Core/Src/stm32f4xx_it.c.obj
                0x08004274                MemManage_Handler
 .text.BusFault_Handler
                0x0800427c        0x8 CMakeFiles/stm32f407-fw.dir/Core/Src/stm32f4xx_it.c.obj
                0x0800427c                BusFault_Handler
 .text.UsageFault_Handler
                0x08004284        0x8 CMakeFiles/stm32f407-fw.dir/Core/Src/stm32f4xx_it.c.obj
                0x08004284                UsageFault_Handler
 .text.SVC_Handler
                0x0800428c        0xe CMakeFiles/stm32f407-fw.dir/Core/Src/stm32f4xx_it.c.obj
                0x0800428c                SVC_Handler
 .text.DebugMon_Handler
                0x0800429a        0xe CMakeFiles/stm32f407-fw.dir/Core/Src/stm32f4xx_it.c.obj
                0x0800429a                DebugMon_Handler
 .text.PendSV_Handler
                0x080042a8        0xe CMakeFiles/stm32f407-fw.dir/Core/Src/stm32f4xx_it.c.obj
                0x080042a8                PendSV_Handler
 .text.SysTick_Handler
                0x080042b6        0xc CMakeFiles/stm32f407-fw.dir/Core/Src/stm32f4xx_it.c.obj
                0x080042b6                SysTick_Handler
 *fill*         0x080042c2        0x2 
 .text.TIM8_UP_TIM13_IRQHandler
                0x080042c4       0x14 CMakeFiles/stm32f407-fw.dir/Core/Src/stm32f4xx_it.c.obj
                0x080042c4                TIM8_UP_TIM13_IRQHandler
 .text.HAL_MspInit
                0x080042d8       0x50 CMakeFiles/stm32f407-fw.dir/Core/Src/stm32f4xx_hal_msp.c.obj
                0x080042d8                HAL_MspInit
 .text.HAL_I2C_Init
                0x08004328      0x288 CMakeFiles/stm32f407-fw.dir/Drivers/STM32F4xx_HAL_Driver/Src/stm32f4xx_hal_i2c.c.obj
                0x08004328                HAL_I2C_Init
 .text.HAL_RCC_OscConfig
                0x080045b0      0x4f0 CMakeFiles/stm32f407-fw.dir/Drivers/STM32F4xx_HAL_Driver/Src/stm32f4xx_hal_rcc.c.obj
                0x080045b0                HAL_RCC_OscConfig
 .text.HAL_RCC_ClockConfig
                0x08004aa0      0x1cc CMakeFiles/stm32f407-fw.dir/Drivers/STM32F4xx_HAL_Driver/Src/stm32f4xx_hal_rcc.c.obj
                0x08004aa0                HAL_RCC_ClockConfig
 .text.HAL_RCC_GetSysClockFreq
                0x08004c6c      0x18c CMakeFiles/stm32f407-fw.dir/Drivers/STM32F4xx_HAL_Driver/Src/stm32f4xx_hal_rcc.c.obj
                0x08004c6c                HAL_RCC_GetSysClockFreq
 .text.HAL_RCC_GetHCLKFreq
                0x08004df8       0x18 CMakeFiles/stm32f407-fw.dir/Drivers/STM32F4xx_HAL_Driver/Src/stm32f4xx_hal_rcc.c.obj
                0x08004df8                HAL_RCC_GetHCLKFreq
 .text.HAL_RCC_GetPCLK1Freq
                0x08004e10       0x28 CMakeFiles/stm32f407-fw.dir/Drivers/STM32F4xx_HAL_Driver/Src/stm32f4xx_hal_rcc.c.obj
                0x08004e10                HAL_RCC_GetPCLK1Freq
 .text.HAL_RCC_GetPCLK2Freq
                0x08004e38       0x28 CMakeFiles/stm32f407-fw.dir/Drivers/STM32F4xx_HAL_Driver/Src/stm32f4xx_hal_rcc.c.obj
                0x08004e38                HAL_RCC_GetPCLK2Freq
 .text.HAL_RCCEx_PeriphCLKConfig
                0x08004e60      0x1c4 CMakeFiles/stm32f407-fw.dir/Drivers/STM32F4xx_HAL_Driver/Src/stm32f4xx_hal_rcc_ex.c.obj
                0x08004e60                HAL_RCCEx_PeriphCLKConfig
 .text.HAL_GPIO_Init
                0x08005024      0x338 CMakeFiles/stm32f407-fw.dir/Drivers/STM32F4xx_HAL_Driver/Src/stm32f4xx_hal_gpio.c.obj
                0x08005024                HAL_GPIO_Init
 .text.HAL_GPIO_DeInit
                0x0800535c      0x1f8 CMakeFiles/stm32f407-fw.dir/Drivers/STM32F4xx_HAL_Driver/Src/stm32f4xx_hal_gpio.c.obj
                0x0800535c                HAL_GPIO_DeInit
 .text.HAL_GPIO_ReadPin
                0x08005554       0x30 CMakeFiles/stm32f407-fw.dir/Drivers/STM32F4xx_HAL_Driver/Src/stm32f4xx_hal_gpio.c.obj
                0x08005554                HAL_GPIO_ReadPin
 .text.HAL_GPIO_WritePin
                0x08005584       0x32 CMakeFiles/stm32f407-fw.dir/Drivers/STM32F4xx_HAL_Driver/Src/stm32f4xx_hal_gpio.c.obj
                0x08005584                HAL_GPIO_WritePin
 .text.HAL_GPIO_TogglePin
                0x080055b6       0x34 CMakeFiles/stm32f407-fw.dir/Drivers/STM32F4xx_HAL_Driver/Src/stm32f4xx_hal_gpio.c.obj
                0x080055b6                HAL_GPIO_TogglePin
 *fill*         0x080055ea        0x2 
 .text.HAL_DMA_Init
                0x080055ec      0x15c CMakeFiles/stm32f407-fw.dir/Drivers/STM32F4xx_HAL_Driver/Src/stm32f4xx_hal_dma.c.obj
                0x080055ec                HAL_DMA_Init
 .text.HAL_DMA_DeInit
                0x08005748       0xbc CMakeFiles/stm32f407-fw.dir/Drivers/STM32F4xx_HAL_Driver/Src/stm32f4xx_hal_dma.c.obj
                0x08005748                HAL_DMA_DeInit
 .text.HAL_DMA_Start_IT
                0x08005804       0xb0 CMakeFiles/stm32f407-fw.dir/Drivers/STM32F4xx_HAL_Driver/Src/stm32f4xx_hal_dma.c.obj
                0x08005804                HAL_DMA_Start_IT
 .text.DMA_SetConfig
                0x080058b4       0x5c CMakeFiles/stm32f407-fw.dir/Drivers/STM32F4xx_HAL_Driver/Src/stm32f4xx_hal_dma.c.obj
 .text.DMA_CalcBaseAndBitshift
                0x08005910       0x6c CMakeFiles/stm32f407-fw.dir/Drivers/STM32F4xx_HAL_Driver/Src/stm32f4xx_hal_dma.c.obj
 .text.DMA_CheckFifoParam
                0x0800597c       0xf8 CMakeFiles/stm32f407-fw.dir/Drivers/STM32F4xx_HAL_Driver/Src/stm32f4xx_hal_dma.c.obj
 .text.__NVIC_SetPriorityGrouping
                0x08005a74       0x48 CMakeFiles/stm32f407-fw.dir/Drivers/STM32F4xx_HAL_Driver/Src/stm32f4xx_hal_cortex.c.obj
 .text.__NVIC_GetPriorityGrouping
                0x08005abc       0x1c CMakeFiles/stm32f407-fw.dir/Drivers/STM32F4xx_HAL_Driver/Src/stm32f4xx_hal_cortex.c.obj
 .text.__NVIC_EnableIRQ
                0x08005ad8       0x3c CMakeFiles/stm32f407-fw.dir/Drivers/STM32F4xx_HAL_Driver/Src/stm32f4xx_hal_cortex.c.obj
 .text.__NVIC_SetPriority
                0x08005b14       0x54 CMakeFiles/stm32f407-fw.dir/Drivers/STM32F4xx_HAL_Driver/Src/stm32f4xx_hal_cortex.c.obj
 .text.NVIC_EncodePriority
                0x08005b68       0x66 CMakeFiles/stm32f407-fw.dir/Drivers/STM32F4xx_HAL_Driver/Src/stm32f4xx_hal_cortex.c.obj
 *fill*         0x08005bce        0x2 
 .text.SysTick_Config
                0x08005bd0       0x44 CMakeFiles/stm32f407-fw.dir/Drivers/STM32F4xx_HAL_Driver/Src/stm32f4xx_hal_cortex.c.obj
 .text.HAL_NVIC_SetPriorityGrouping
                0x08005c14       0x16 CMakeFiles/stm32f407-fw.dir/Drivers/STM32F4xx_HAL_Driver/Src/stm32f4xx_hal_cortex.c.obj
                0x08005c14                HAL_NVIC_SetPriorityGrouping
 .text.HAL_NVIC_SetPriority
                0x08005c2a       0x38 CMakeFiles/stm32f407-fw.dir/Drivers/STM32F4xx_HAL_Driver/Src/stm32f4xx_hal_cortex.c.obj
                0x08005c2a                HAL_NVIC_SetPriority
 .text.HAL_NVIC_EnableIRQ
                0x08005c62       0x1c CMakeFiles/stm32f407-fw.dir/Drivers/STM32F4xx_HAL_Driver/Src/stm32f4xx_hal_cortex.c.obj
                0x08005c62                HAL_NVIC_EnableIRQ
 .text.HAL_SYSTICK_Config
                0x08005c7e       0x18 CMakeFiles/stm32f407-fw.dir/Drivers/STM32F4xx_HAL_Driver/Src/stm32f4xx_hal_cortex.c.obj
                0x08005c7e                HAL_SYSTICK_Config
 *fill*         0x08005c96        0x2 
 .text.HAL_Init
                0x08005c98       0x44 CMakeFiles/stm32f407-fw.dir/Drivers/STM32F4xx_HAL_Driver/Src/stm32f4xx_hal.c.obj
                0x08005c98                HAL_Init
 .text.HAL_InitTick
                0x08005cdc       0x60 CMakeFiles/stm32f407-fw.dir/Drivers/STM32F4xx_HAL_Driver/Src/stm32f4xx_hal.c.obj
                0x08005cdc                HAL_InitTick
 .text.HAL_IncTick
                0x08005d3c       0x28 CMakeFiles/stm32f407-fw.dir/Drivers/STM32F4xx_HAL_Driver/Src/stm32f4xx_hal.c.obj
                0x08005d3c                HAL_IncTick
 .text.HAL_GetTick
                0x08005d64       0x18 CMakeFiles/stm32f407-fw.dir/Drivers/STM32F4xx_HAL_Driver/Src/stm32f4xx_hal.c.obj
                0x08005d64                HAL_GetTick
 .text.HAL_Delay
                0x08005d7c       0x48 CMakeFiles/stm32f407-fw.dir/Drivers/STM32F4xx_HAL_Driver/Src/stm32f4xx_hal.c.obj
                0x08005d7c                HAL_Delay
 .text.HAL_RTC_Init
                0x08005dc4      0x106 CMakeFiles/stm32f407-fw.dir/Drivers/STM32F4xx_HAL_Driver/Src/stm32f4xx_hal_rtc.c.obj
                0x08005dc4                HAL_RTC_Init
 *fill*         0x08005eca        0x2 
 .text.HAL_RTC_WaitForSynchro
                0x08005ecc       0x4c CMakeFiles/stm32f407-fw.dir/Drivers/STM32F4xx_HAL_Driver/Src/stm32f4xx_hal_rtc.c.obj
                0x08005ecc                HAL_RTC_WaitForSynchro
 .text.RTC_EnterInitMode
                0x08005f18       0x6e CMakeFiles/stm32f407-fw.dir/Drivers/STM32F4xx_HAL_Driver/Src/stm32f4xx_hal_rtc.c.obj
                0x08005f18                RTC_EnterInitMode
 .text.RTC_ExitInitMode
                0x08005f86       0x4a CMakeFiles/stm32f407-fw.dir/Drivers/STM32F4xx_HAL_Driver/Src/stm32f4xx_hal_rtc.c.obj
                0x08005f86                RTC_ExitInitMode
 .text.HAL_TIM_Base_Init
                0x08005fd0       0x9e CMakeFiles/stm32f407-fw.dir/Drivers/STM32F4xx_HAL_Driver/Src/stm32f4xx_hal_tim.c.obj
                0x08005fd0                HAL_TIM_Base_Init
 .text.HAL_TIM_IRQHandler
                0x0800606e      0x1e0 CMakeFiles/stm32f407-fw.dir/Drivers/STM32F4xx_HAL_Driver/Src/stm32f4xx_hal_tim.c.obj
                0x0800606e                HAL_TIM_IRQHandler
 .text.HAL_TIM_PeriodElapsedCallback
                0x0800624e       0x14 CMakeFiles/stm32f407-fw.dir/Drivers/STM32F4xx_HAL_Driver/Src/stm32f4xx_hal_tim.c.obj
                0x0800624e                HAL_TIM_PeriodElapsedCallback
 .text.HAL_TIM_OC_DelayElapsedCallback
                0x08006262       0x14 CMakeFiles/stm32f407-fw.dir/Drivers/STM32F4xx_HAL_Driver/Src/stm32f4xx_hal_tim.c.obj
                0x08006262                HAL_TIM_OC_DelayElapsedCallback
 .text.HAL_TIM_IC_CaptureCallback
                0x08006276       0x14 CMakeFiles/stm32f407-fw.dir/Drivers/STM32F4xx_HAL_Driver/Src/stm32f4xx_hal_tim.c.obj
                0x08006276                HAL_TIM_IC_CaptureCallback
 .text.HAL_TIM_PWM_PulseFinishedCallback
                0x0800628a       0x14 CMakeFiles/stm32f407-fw.dir/Drivers/STM32F4xx_HAL_Driver/Src/stm32f4xx_hal_tim.c.obj
                0x0800628a                HAL_TIM_PWM_PulseFinishedCallback
 .text.HAL_TIM_TriggerCallback
                0x0800629e       0x14 CMakeFiles/stm32f407-fw.dir/Drivers/STM32F4xx_HAL_Driver/Src/stm32f4xx_hal_tim.c.obj
                0x0800629e                HAL_TIM_TriggerCallback
 *fill*         0x080062b2        0x2 
 .text.TIM_Base_SetConfig
                0x080062b4      0x158 CMakeFiles/stm32f407-fw.dir/Drivers/STM32F4xx_HAL_Driver/Src/stm32f4xx_hal_tim.c.obj
                0x080062b4                TIM_Base_SetConfig
 .text.HAL_TIMEx_CommutCallback
                0x0800640c       0x14 CMakeFiles/stm32f407-fw.dir/Drivers/STM32F4xx_HAL_Driver/Src/stm32f4xx_hal_tim_ex.c.obj
                0x0800640c                HAL_TIMEx_CommutCallback
 .text.HAL_TIMEx_BreakCallback
                0x08006420       0x14 CMakeFiles/stm32f407-fw.dir/Drivers/STM32F4xx_HAL_Driver/Src/stm32f4xx_hal_tim_ex.c.obj
                0x08006420                HAL_TIMEx_BreakCallback
 .text.HAL_UART_Init
                0x08006434       0xa0 CMakeFiles/stm32f407-fw.dir/Drivers/STM32F4xx_HAL_Driver/Src/stm32f4xx_hal_uart.c.obj
                0x08006434                HAL_UART_Init
 .text.HAL_UART_DeInit
                0x080064d4       0x64 CMakeFiles/stm32f407-fw.dir/Drivers/STM32F4xx_HAL_Driver/Src/stm32f4xx_hal_uart.c.obj
                0x080064d4                HAL_UART_DeInit
 .text.HAL_UART_Transmit
                0x08006538      0x116 CMakeFiles/stm32f407-fw.dir/Drivers/STM32F4xx_HAL_Driver/Src/stm32f4xx_hal_uart.c.obj
                0x08006538                HAL_UART_Transmit
 .text.HAL_UART_Receive_DMA
                0x0800664e       0x4a CMakeFiles/stm32f407-fw.dir/Drivers/STM32F4xx_HAL_Driver/Src/stm32f4xx_hal_uart.c.obj
                0x0800664e                HAL_UART_Receive_DMA
 .text.HAL_UART_RxCpltCallback
                0x08006698       0x14 CMakeFiles/stm32f407-fw.dir/Drivers/STM32F4xx_HAL_Driver/Src/stm32f4xx_hal_uart.c.obj
                0x08006698                HAL_UART_RxCpltCallback
 .text.HAL_UART_RxHalfCpltCallback
                0x080066ac       0x14 CMakeFiles/stm32f407-fw.dir/Drivers/STM32F4xx_HAL_Driver/Src/stm32f4xx_hal_uart.c.obj
                0x080066ac                HAL_UART_RxHalfCpltCallback
 .text.HAL_UART_ErrorCallback
                0x080066c0       0x14 CMakeFiles/stm32f407-fw.dir/Drivers/STM32F4xx_HAL_Driver/Src/stm32f4xx_hal_uart.c.obj
                0x080066c0                HAL_UART_ErrorCallback
 .text.HAL_UARTEx_RxEventCallback
                0x080066d4       0x18 CMakeFiles/stm32f407-fw.dir/Drivers/STM32F4xx_HAL_Driver/Src/stm32f4xx_hal_uart.c.obj
                0x080066d4                HAL_UARTEx_RxEventCallback
 .text.UART_DMAReceiveCplt
                0x080066ec      0x12c CMakeFiles/stm32f407-fw.dir/Drivers/STM32F4xx_HAL_Driver/Src/stm32f4xx_hal_uart.c.obj
 .text.UART_DMARxHalfCplt
                0x08006818       0x3c CMakeFiles/stm32f407-fw.dir/Drivers/STM32F4xx_HAL_Driver/Src/stm32f4xx_hal_uart.c.obj
 .text.UART_DMAError
                0x08006854       0x94 CMakeFiles/stm32f407-fw.dir/Drivers/STM32F4xx_HAL_Driver/Src/stm32f4xx_hal_uart.c.obj
 .text.UART_WaitOnFlagUntilTimeout
                0x080068e8       0xb2 CMakeFiles/stm32f407-fw.dir/Drivers/STM32F4xx_HAL_Driver/Src/stm32f4xx_hal_uart.c.obj
 *fill*         0x0800699a        0x2 
 .text.UART_Start_Receive_DMA
                0x0800699c      0x134 CMakeFiles/stm32f407-fw.dir/Drivers/STM32F4xx_HAL_Driver/Src/stm32f4xx_hal_uart.c.obj
                0x0800699c                UART_Start_Receive_DMA
 .text.UART_EndTxTransfer
                0x08006ad0       0x50 CMakeFiles/stm32f407-fw.dir/Drivers/STM32F4xx_HAL_Driver/Src/stm32f4xx_hal_uart.c.obj
 .text.UART_EndRxTransfer
                0x08006b20       0xc6 CMakeFiles/stm32f407-fw.dir/Drivers/STM32F4xx_HAL_Driver/Src/stm32f4xx_hal_uart.c.obj
 *fill*         0x08006be6        0x2 
 .text.UART_SetConfig
                0x08006be8      0x4e8 CMakeFiles/stm32f407-fw.dir/Drivers/STM32F4xx_HAL_Driver/Src/stm32f4xx_hal_uart.c.obj
 .text.SystemInit
                0x080070d0       0x24 CMakeFiles/stm32f407-fw.dir/Core/Src/system_stm32f4xx.c.obj
                0x080070d0                SystemInit
 .text._sbrk    0x080070f4       0x6c CMakeFiles/stm32f407-fw.dir/Core/Src/sysmem.c.obj
                0x080070f4                _sbrk
 .text._getpid  0x08007160       0x10 CMakeFiles/stm32f407-fw.dir/Core/Src/syscalls.c.obj
                0x08007160                _getpid
 .text._kill    0x08007170       0x20 CMakeFiles/stm32f407-fw.dir/Core/Src/syscalls.c.obj
                0x08007170                _kill
 .text._exit    0x08007190       0x16 CMakeFiles/stm32f407-fw.dir/Core/Src/syscalls.c.obj
                0x08007190                _exit
 .text._read    0x080071a6       0x3a CMakeFiles/stm32f407-fw.dir/Core/Src/syscalls.c.obj
                0x080071a6                _read
 .text._write   0x080071e0       0x38 CMakeFiles/stm32f407-fw.dir/Core/Src/syscalls.c.obj
                0x080071e0                _write
 .text._close   0x08007218       0x18 CMakeFiles/stm32f407-fw.dir/Core/Src/syscalls.c.obj
                0x08007218                _close
 .text._fstat   0x08007230       0x20 CMakeFiles/stm32f407-fw.dir/Core/Src/syscalls.c.obj
                0x08007230                _fstat
 .text._isatty  0x08007250       0x16 CMakeFiles/stm32f407-fw.dir/Core/Src/syscalls.c.obj
                0x08007250                _isatty
 .text._lseek   0x08007266       0x1a CMakeFiles/stm32f407-fw.dir/Core/Src/syscalls.c.obj
                0x08007266                _lseek
 .text.Reset_Handler
                0x08007280       0x50 CMakeFiles/stm32f407-fw.dir/startup_stm32f407xx.s.obj
                0x08007280                Reset_Handler
 .text.Default_Handler
                0x080072d0        0x2 CMakeFiles/stm32f407-fw.dir/startup_stm32f407xx.s.obj
                0x080072d0                RTC_Alarm_IRQHandler
                0x080072d0                HASH_RNG_IRQHandler
                0x080072d0                EXTI2_IRQHandler
                0x080072d0                TIM8_CC_IRQHandler
                0x080072d0                TIM1_CC_IRQHandler
                0x080072d0                DMA2_Stream5_IRQHandler
                0x080072d0                DMA1_Stream5_IRQHandler
                0x080072d0                PVD_IRQHandler
                0x080072d0                SDIO_IRQHandler
                0x080072d0                TAMP_STAMP_IRQHandler
                0x080072d0                CAN2_RX1_IRQHandler
                0x080072d0                EXTI3_IRQHandler
                0x080072d0                TIM8_TRG_COM_TIM14_IRQHandler
                0x080072d0                TIM1_UP_TIM10_IRQHandler
                0x080072d0                I2C3_ER_IRQHandler
                0x080072d0                EXTI0_IRQHandler
                0x080072d0                I2C2_EV_IRQHandler
                0x080072d0                DMA1_Stream2_IRQHandler
                0x080072d0                CAN1_RX0_IRQHandler
                0x080072d0                FPU_IRQHandler
                0x080072d0                OTG_HS_WKUP_IRQHandler
                0x080072d0                CAN2_SCE_IRQHandler
                0x080072d0                DMA2_Stream2_IRQHandler
                0x080072d0                SPI1_IRQHandler
                0x080072d0                TIM6_DAC_IRQHandler
                0x080072d0                TIM1_BRK_TIM9_IRQHandler
                0x080072d0                DCMI_IRQHandler
                0x080072d0                CAN2_RX0_IRQHandler
                0x080072d0                DMA2_Stream3_IRQHandler
                0x080072d0                USART6_IRQHandler
                0x080072d0                USART3_IRQHandler
                0x080072d0                CAN1_RX1_IRQHandler
                0x080072d0                UART5_IRQHandler
                0x080072d0                DMA2_Stream0_IRQHandler
                0x080072d0                TIM4_IRQHandler
                0x080072d0                I2C1_EV_IRQHandler
                0x080072d0                DMA1_Stream6_IRQHandler
                0x080072d0                DMA1_Stream1_IRQHandler
                0x080072d0                UART4_IRQHandler
                0x080072d0                TIM3_IRQHandler
                0x080072d0                RCC_IRQHandler
                0x080072d0                TIM8_BRK_TIM12_IRQHandler
                0x080072d0                Default_Handler
                0x080072d0                EXTI15_10_IRQHandler
                0x080072d0                ADC_IRQHandler
                0x080072d0                DMA1_Stream7_IRQHandler
                0x080072d0                TIM7_IRQHandler
                0x080072d0                CAN2_TX_IRQHandler
                0x080072d0                TIM5_IRQHandler
                0x080072d0                DMA2_Stream7_IRQHandler
                0x080072d0                I2C3_EV_IRQHandler
                0x080072d0                EXTI9_5_IRQHandler
                0x080072d0                RTC_WKUP_IRQHandler
                0x080072d0                ETH_WKUP_IRQHandler
                0x080072d0                SPI2_IRQHandler
                0x080072d0                OTG_HS_EP1_IN_IRQHandler
                0x080072d0                DMA1_Stream0_IRQHandler
                0x080072d0                CAN1_TX_IRQHandler
                0x080072d0                EXTI4_IRQHandler
                0x080072d0                FSMC_IRQHandler
                0x080072d0                ETH_IRQHandler
                0x080072d0                OTG_HS_EP1_OUT_IRQHandler
                0x080072d0                WWDG_IRQHandler
                0x080072d0                TIM2_IRQHandler
                0x080072d0                OTG_FS_WKUP_IRQHandler
                0x080072d0                TIM1_TRG_COM_TIM11_IRQHandler
                0x080072d0                OTG_HS_IRQHandler
                0x080072d0                EXTI1_IRQHandler
                0x080072d0                USART2_IRQHandler
                0x080072d0                I2C2_ER_IRQHandler
                0x080072d0                DMA2_Stream1_IRQHandler
                0x080072d0                CAN1_SCE_IRQHandler
                0x080072d0                FLASH_IRQHandler
                0x080072d0                DMA2_Stream4_IRQHandler
                0x080072d0                USART1_IRQHandler
                0x080072d0                OTG_FS_IRQHandler
                0x080072d0                SPI3_IRQHandler
                0x080072d0                DMA1_Stream4_IRQHandler
                0x080072d0                I2C1_ER_IRQHandler
                0x080072d0                DMA2_Stream6_IRQHandler
                0x080072d0                DMA1_Stream3_IRQHandler
 .text.sulp     0x080072d2       0x3c C:/ST/STM32CubeCLT_1.15.0/GNU-tools-for-STM32/bin/../lib/gcc/arm-none-eabi/12.3.1/../../../../arm-none-eabi/lib/thumb/v7e-m+fp/hard\libg_nano.a(libc_a-strtod.o)
 *fill*         0x0800730e        0x2 
 .text._strtod_l
                0x08007310      0xbc8 C:/ST/STM32CubeCLT_1.15.0/GNU-tools-for-STM32/bin/../lib/gcc/arm-none-eabi/12.3.1/../../../../arm-none-eabi/lib/thumb/v7e-m+fp/hard\libg_nano.a(libc_a-strtod.o)
                0x08007310                _strtod_l
 .text.strtof   0x08007ed8       0xc8 C:/ST/STM32CubeCLT_1.15.0/GNU-tools-for-STM32/bin/../lib/gcc/arm-none-eabi/12.3.1/../../../../arm-none-eabi/lib/thumb/v7e-m+fp/hard\libg_nano.a(libc_a-strtod.o)
                0x08007ed8                strtof
 .text._strtoul_l.constprop.0
                0x08007fa0       0xdc C:/ST/STM32CubeCLT_1.15.0/GNU-tools-for-STM32/bin/../lib/gcc/arm-none-eabi/12.3.1/../../../../arm-none-eabi/lib/thumb/v7e-m+fp/hard\libg_nano.a(libc_a-strtoul.o)
 .text.strtoul  0x0800807c       0x14 C:/ST/STM32CubeCLT_1.15.0/GNU-tools-for-STM32/bin/../lib/gcc/arm-none-eabi/12.3.1/../../../../arm-none-eabi/lib/thumb/v7e-m+fp/hard\libg_nano.a(libc_a-strtoul.o)
                0x0800807c                strtoul
 .text.snprintf
                0x08008090       0x68 C:/ST/STM32CubeCLT_1.15.0/GNU-tools-for-STM32/bin/../lib/gcc/arm-none-eabi/12.3.1/../../../../arm-none-eabi/lib/thumb/v7e-m+fp/hard\libg_nano.a(libc_a-snprintf.o)
                0x08008090                sniprintf
                0x08008090                snprintf
 .text._vsnprintf_r
                0x080080f8       0x56 C:/ST/STM32CubeCLT_1.15.0/GNU-tools-for-STM32/bin/../lib/gcc/arm-none-eabi/12.3.1/../../../../arm-none-eabi/lib/thumb/v7e-m+fp/hard\libg_nano.a(libc_a-vsnprintf.o)
                0x080080f8                _vsniprintf_r
                0x080080f8                _vsnprintf_r
 *fill*         0x0800814e        0x2 
 .text.vsnprintf
                0x08008150       0x1c C:/ST/STM32CubeCLT_1.15.0/GNU-tools-for-STM32/bin/../lib/gcc/arm-none-eabi/12.3.1/../../../../arm-none-eabi/lib/thumb/v7e-m+fp/hard\libg_nano.a(libc_a-vsnprintf.o)
                0x08008150                vsniprintf
                0x08008150                vsnprintf
 .text.strncmp  0x0800816c       0x24 C:/ST/STM32CubeCLT_1.15.0/GNU-tools-for-STM32/bin/../lib/gcc/arm-none-eabi/12.3.1/../../../../arm-none-eabi/lib/thumb/v7e-m+fp/hard\libg_nano.a(libc_a-strncmp.o)
                0x0800816c                strncmp
 .text.__strtok_r
                0x08008190       0x50 C:/ST/STM32CubeCLT_1.15.0/GNU-tools-for-STM32/bin/../lib/gcc/arm-none-eabi/12.3.1/../../../../arm-none-eabi/lib/thumb/v7e-m+fp/hard\libg_nano.a(libc_a-strtok_r.o)
                0x08008190                __strtok_r
 .text.strtok_r
                0x080081e0        0x6 C:/ST/STM32CubeCLT_1.15.0/GNU-tools-for-STM32/bin/../lib/gcc/arm-none-eabi/12.3.1/../../../../arm-none-eabi/lib/thumb/v7e-m+fp/hard\libg_nano.a(libc_a-strtok_r.o)
                0x080081e0                strtok_r
 *fill*         0x080081e6        0x2 
 .text.__errno  0x080081e8        0xc C:/ST/STM32CubeCLT_1.15.0/GNU-tools-for-STM32/bin/../lib/gcc/arm-none-eabi/12.3.1/../../../../arm-none-eabi/lib/thumb/v7e-m+fp/hard\libg_nano.a(libc_a-errno.o)
                0x080081e8                __errno
 .text.strcpy   0x080081f4       0x10 C:/ST/STM32CubeCLT_1.15.0/GNU-tools-for-STM32/bin/../lib/gcc/arm-none-eabi/12.3.1/../../../../arm-none-eabi/lib/thumb/v7e-m+fp/hard\libg_nano.a(libc_a-strcpy.o)
                0x080081f4                strcpy
 .text.memcpy   0x08008204       0x1c C:/ST/STM32CubeCLT_1.15.0/GNU-tools-for-STM32/bin/../lib/gcc/arm-none-eabi/12.3.1/../../../../arm-none-eabi/lib/thumb/v7e-m+fp/hard\libg_nano.a(libc_a-memcpy-stub.o)
                0x08008204                memcpy
 .text.nan      0x08008220       0x10 C:/ST/STM32CubeCLT_1.15.0/GNU-tools-for-STM32/bin/../lib/gcc/arm-none-eabi/12.3.1/../../../../arm-none-eabi/lib/thumb/v7e-m+fp/hard\libg_nano.a(libm_a-s_nan.o)
                0x08008220                nan
 .text.nanf     0x08008230        0xc C:/ST/STM32CubeCLT_1.15.0/GNU-tools-for-STM32/bin/../lib/gcc/arm-none-eabi/12.3.1/../../../../arm-none-eabi/lib/thumb/v7e-m+fp/hard\libg_nano.a(libm_a-sf_nan.o)
                0x08008230                nanf
 .text.rshift   0x0800823c       0xa4 C:/ST/STM32CubeCLT_1.15.0/GNU-tools-for-STM32/bin/../lib/gcc/arm-none-eabi/12.3.1/../../../../arm-none-eabi/lib/thumb/v7e-m+fp/hard\libg_nano.a(libc_a-gdtoa-gethex.o)
 .text.__hexdig_fun
                0x080082e0       0x2a C:/ST/STM32CubeCLT_1.15.0/GNU-tools-for-STM32/bin/../lib/gcc/arm-none-eabi/12.3.1/../../../../arm-none-eabi/lib/thumb/v7e-m+fp/hard\libg_nano.a(libc_a-gdtoa-gethex.o)
                0x080082e0                __hexdig_fun
 *fill*         0x0800830a        0x2 
 .text.__gethex
                0x0800830c      0x420 C:/ST/STM32CubeCLT_1.15.0/GNU-tools-for-STM32/bin/../lib/gcc/arm-none-eabi/12.3.1/../../../../arm-none-eabi/lib/thumb/v7e-m+fp/hard\libg_nano.a(libc_a-gdtoa-gethex.o)
                0x0800830c                __gethex
 .text.L_shift  0x0800872c       0x24 C:/ST/STM32CubeCLT_1.15.0/GNU-tools-for-STM32/bin/../lib/gcc/arm-none-eabi/12.3.1/../../../../arm-none-eabi/lib/thumb/v7e-m+fp/hard\libg_nano.a(libc_a-gdtoa-hexnan.o)
 .text.__match  0x08008750       0x28 C:/ST/STM32CubeCLT_1.15.0/GNU-tools-for-STM32/bin/../lib/gcc/arm-none-eabi/12.3.1/../../../../arm-none-eabi/lib/thumb/v7e-m+fp/hard\libg_nano.a(libc_a-gdtoa-hexnan.o)
                0x08008750                __match
 .text.__hexnan
                0x08008778      0x136 C:/ST/STM32CubeCLT_1.15.0/GNU-tools-for-STM32/bin/../lib/gcc/arm-none-eabi/12.3.1/../../../../arm-none-eabi/lib/thumb/v7e-m+fp/hard\libg_nano.a(libc_a-gdtoa-hexnan.o)
                0x08008778                __hexnan
 .text.__ascii_mbtowc
                0x080088ae       0x24 C:/ST/STM32CubeCLT_1.15.0/GNU-tools-for-STM32/bin/../lib/gcc/arm-none-eabi/12.3.1/../../../../arm-none-eabi/lib/thumb/v7e-m+fp/hard\libg_nano.a(libc_a-mbtowc_r.o)
                0x080088ae                __ascii_mbtowc
 *fill*         0x080088d2        0x2 
 .text._Balloc  0x080088d4       0x80 C:/ST/STM32CubeCLT_1.15.0/GNU-tools-for-STM32/bin/../lib/gcc/arm-none-eabi/12.3.1/../../../../arm-none-eabi/lib/thumb/v7e-m+fp/hard\libg_nano.a(libc_a-mprec.o)
                0x080088d4                _Balloc
 .text._Bfree   0x08008954       0x44 C:/ST/STM32CubeCLT_1.15.0/GNU-tools-for-STM32/bin/../lib/gcc/arm-none-eabi/12.3.1/../../../../arm-none-eabi/lib/thumb/v7e-m+fp/hard\libg_nano.a(libc_a-mprec.o)
                0x08008954                _Bfree
 .text.__multadd
                0x08008998       0x8c C:/ST/STM32CubeCLT_1.15.0/GNU-tools-for-STM32/bin/../lib/gcc/arm-none-eabi/12.3.1/../../../../arm-none-eabi/lib/thumb/v7e-m+fp/hard\libg_nano.a(libc_a-mprec.o)
                0x08008998                __multadd
 .text.__s2b    0x08008a24       0x94 C:/ST/STM32CubeCLT_1.15.0/GNU-tools-for-STM32/bin/../lib/gcc/arm-none-eabi/12.3.1/../../../../arm-none-eabi/lib/thumb/v7e-m+fp/hard\libg_nano.a(libc_a-mprec.o)
                0x08008a24                __s2b
 .text.__hi0bits
                0x08008ab8       0x3e C:/ST/STM32CubeCLT_1.15.0/GNU-tools-for-STM32/bin/../lib/gcc/arm-none-eabi/12.3.1/../../../../arm-none-eabi/lib/thumb/v7e-m+fp/hard\libg_nano.a(libc_a-mprec.o)
                0x08008ab8                __hi0bits
 .text.__lo0bits
                0x08008af6       0x5a C:/ST/STM32CubeCLT_1.15.0/GNU-tools-for-STM32/bin/../lib/gcc/arm-none-eabi/12.3.1/../../../../arm-none-eabi/lib/thumb/v7e-m+fp/hard\libg_nano.a(libc_a-mprec.o)
                0x08008af6                __lo0bits
 .text.__i2b    0x08008b50       0x2c C:/ST/STM32CubeCLT_1.15.0/GNU-tools-for-STM32/bin/../lib/gcc/arm-none-eabi/12.3.1/../../../../arm-none-eabi/lib/thumb/v7e-m+fp/hard\libg_nano.a(libc_a-mprec.o)
                0x08008b50                __i2b
 .text.__multiply
                0x08008b7c      0x154 C:/ST/STM32CubeCLT_1.15.0/GNU-tools-for-STM32/bin/../lib/gcc/arm-none-eabi/12.3.1/../../../../arm-none-eabi/lib/thumb/v7e-m+fp/hard\libg_nano.a(libc_a-mprec.o)
                0x08008b7c                __multiply
 .text.__pow5mult
                0x08008cd0       0xb4 C:/ST/STM32CubeCLT_1.15.0/GNU-tools-for-STM32/bin/../lib/gcc/arm-none-eabi/12.3.1/../../../../arm-none-eabi/lib/thumb/v7e-m+fp/hard\libg_nano.a(libc_a-mprec.o)
                0x08008cd0                __pow5mult
 .text.__lshift
                0x08008d84       0xd8 C:/ST/STM32CubeCLT_1.15.0/GNU-tools-for-STM32/bin/../lib/gcc/arm-none-eabi/12.3.1/../../../../arm-none-eabi/lib/thumb/v7e-m+fp/hard\libg_nano.a(libc_a-mprec.o)
                0x08008d84                __lshift
 .text.__mcmp   0x08008e5c       0x36 C:/ST/STM32CubeCLT_1.15.0/GNU-tools-for-STM32/bin/../lib/gcc/arm-none-eabi/12.3.1/../../../../arm-none-eabi/lib/thumb/v7e-m+fp/hard\libg_nano.a(libc_a-mprec.o)
                0x08008e5c                __mcmp
 *fill*         0x08008e92        0x2 
 .text.__mdiff  0x08008e94      0x128 C:/ST/STM32CubeCLT_1.15.0/GNU-tools-for-STM32/bin/../lib/gcc/arm-none-eabi/12.3.1/../../../../arm-none-eabi/lib/thumb/v7e-m+fp/hard\libg_nano.a(libc_a-mprec.o)
                0x08008e94                __mdiff
 .text.__ulp    0x08008fbc       0x4c C:/ST/STM32CubeCLT_1.15.0/GNU-tools-for-STM32/bin/../lib/gcc/arm-none-eabi/12.3.1/../../../../arm-none-eabi/lib/thumb/v7e-m+fp/hard\libg_nano.a(libc_a-mprec.o)
                0x08008fbc                __ulp
 .text.__b2d    0x08009008       0x94 C:/ST/STM32CubeCLT_1.15.0/GNU-tools-for-STM32/bin/../lib/gcc/arm-none-eabi/12.3.1/../../../../arm-none-eabi/lib/thumb/v7e-m+fp/hard\libg_nano.a(libc_a-mprec.o)
                0x08009008                __b2d
 .text.__d2b    0x0800909c       0xb0 C:/ST/STM32CubeCLT_1.15.0/GNU-tools-for-STM32/bin/../lib/gcc/arm-none-eabi/12.3.1/../../../../arm-none-eabi/lib/thumb/v7e-m+fp/hard\libg_nano.a(libc_a-mprec.o)
                0x0800909c                __d2b
 .text.__ratio  0x0800914c       0x64 C:/ST/STM32CubeCLT_1.15.0/GNU-tools-for-STM32/bin/../lib/gcc/arm-none-eabi/12.3.1/../../../../arm-none-eabi/lib/thumb/v7e-m+fp/hard\libg_nano.a(libc_a-mprec.o)
                0x0800914c                __ratio
 .text.__copybits
                0x080091b0       0x46 C:/ST/STM32CubeCLT_1.15.0/GNU-tools-for-STM32/bin/../lib/gcc/arm-none-eabi/12.3.1/../../../../arm-none-eabi/lib/thumb/v7e-m+fp/hard\libg_nano.a(libc_a-mprec.o)
                0x080091b0                __copybits
 .text.__any_on
                0x080091f6       0x42 C:/ST/STM32CubeCLT_1.15.0/GNU-tools-for-STM32/bin/../lib/gcc/arm-none-eabi/12.3.1/../../../../arm-none-eabi/lib/thumb/v7e-m+fp/hard\libg_nano.a(libc_a-mprec.o)
                0x080091f6                __any_on
 .text.__ascii_wctomb
                0x08009238       0x1a C:/ST/STM32CubeCLT_1.15.0/GNU-tools-for-STM32/bin/../lib/gcc/arm-none-eabi/12.3.1/../../../../arm-none-eabi/lib/thumb/v7e-m+fp/hard\libg_nano.a(libc_a-wctomb_r.o)
                0x08009238                __ascii_wctomb
 .text.__ssputs_r
                0x08009252       0xb6 C:/ST/STM32CubeCLT_1.15.0/GNU-tools-for-STM32/bin/../lib/gcc/arm-none-eabi/12.3.1/../../../../arm-none-eabi/lib/thumb/v7e-m+fp/hard\libg_nano.a(libc_a-nano-svfprintf.o)
                0x08009252                __ssputs_r
 .text._svfprintf_r
                0x08009308      0x1f8 C:/ST/STM32CubeCLT_1.15.0/GNU-tools-for-STM32/bin/../lib/gcc/arm-none-eabi/12.3.1/../../../../arm-none-eabi/lib/thumb/v7e-m+fp/hard\libg_nano.a(libc_a-nano-svfprintf.o)
                0x08009308                _svfiprintf_r
                0x08009308                _svfprintf_r
 .text._printf_common
                0x08009500       0xda C:/ST/STM32CubeCLT_1.15.0/GNU-tools-for-STM32/bin/../lib/gcc/arm-none-eabi/12.3.1/../../../../arm-none-eabi/lib/thumb/v7e-m+fp/hard\libg_nano.a(libc_a-nano-vfprintf_i.o)
                0x08009500                _printf_common
 *fill*         0x080095da        0x2 
 .text._printf_i
                0x080095dc      0x240 C:/ST/STM32CubeCLT_1.15.0/GNU-tools-for-STM32/bin/../lib/gcc/arm-none-eabi/12.3.1/../../../../arm-none-eabi/lib/thumb/v7e-m+fp/hard\libg_nano.a(libc_a-nano-vfprintf_i.o)
                0x080095dc                _printf_i
 .text.memmove  0x0800981c       0x34 C:/ST/STM32CubeCLT_1.15.0/GNU-tools-for-STM32/bin/../lib/gcc/arm-none-eabi/12.3.1/../../../../arm-none-eabi/lib/thumb/v7e-m+fp/hard\libg_nano.a(libc_a-memmove.o)
                0x0800981c                memmove
 .text.__assert_func
                0x08009850       0x3c C:/ST/STM32CubeCLT_1.15.0/GNU-tools-for-STM32/bin/../lib/gcc/arm-none-eabi/12.3.1/../../../../arm-none-eabi/lib/thumb/v7e-m+fp/hard\libg_nano.a(libc_a-assert.o)
                0x08009850                __assert_func
 .text._calloc_r
                0x0800988c       0x28 C:/ST/STM32CubeCLT_1.15.0/GNU-tools-for-STM32/bin/../lib/gcc/arm-none-eabi/12.3.1/../../../../arm-none-eabi/lib/thumb/v7e-m+fp/hard\libg_nano.a(libc_a-callocr.o)
                0x0800988c                _calloc_r
 .text.malloc   0x080098b4       0x10 C:/ST/STM32CubeCLT_1.15.0/GNU-tools-for-STM32/bin/../lib/gcc/arm-none-eabi/12.3.1/../../../../arm-none-eabi/lib/thumb/v7e-m+fp/hard\libg_nano.a(libc_a-malloc.o)
                0x080098b4                malloc
 .text._realloc_r
                0x080098c4       0x5c C:/ST/STM32CubeCLT_1.15.0/GNU-tools-for-STM32/bin/../lib/gcc/arm-none-eabi/12.3.1/../../../../arm-none-eabi/lib/thumb/v7e-m+fp/hard\libg_nano.a(libc_a-reallocr.o)
                0x080098c4                _realloc_r
 .text.fprintf  0x08009920       0x24 C:/ST/STM32CubeCLT_1.15.0/GNU-tools-for-STM32/bin/../lib/gcc/arm-none-eabi/12.3.1/../../../../arm-none-eabi/lib/thumb/v7e-m+fp/hard\libg_nano.a(libc_a-fprintf.o)
                0x08009920                fiprintf
                0x08009920                fprintf
 .text.abort    0x08009944        0xe C:/ST/STM32CubeCLT_1.15.0/GNU-tools-for-STM32/bin/../lib/gcc/arm-none-eabi/12.3.1/../../../../arm-none-eabi/lib/thumb/v7e-m+fp/hard\libg_nano.a(libc_a-abort.o)
                0x08009944                abort
 .text._malloc_usable_size_r
                0x08009952       0x10 C:/ST/STM32CubeCLT_1.15.0/GNU-tools-for-STM32/bin/../lib/gcc/arm-none-eabi/12.3.1/../../../../arm-none-eabi/lib/thumb/v7e-m+fp/hard\libg_nano.a(libc_a-msizer.o)
                0x08009952                _malloc_usable_size_r
 .text.__sfputc_r
                0x08009962       0x2e C:/ST/STM32CubeCLT_1.15.0/GNU-tools-for-STM32/bin/../lib/gcc/arm-none-eabi/12.3.1/../../../../arm-none-eabi/lib/thumb/v7e-m+fp/hard\libg_nano.a(libc_a-nano-vfprintf.o)
 .text.__sfputs_r
                0x08009990       0x24 C:/ST/STM32CubeCLT_1.15.0/GNU-tools-for-STM32/bin/../lib/gcc/arm-none-eabi/12.3.1/../../../../arm-none-eabi/lib/thumb/v7e-m+fp/hard\libg_nano.a(libc_a-nano-vfprintf.o)
                0x08009990                __sfputs_r
 .text._vfprintf_r
                0x080099b4      0x230 C:/ST/STM32CubeCLT_1.15.0/GNU-tools-for-STM32/bin/../lib/gcc/arm-none-eabi/12.3.1/../../../../arm-none-eabi/lib/thumb/v7e-m+fp/hard\libg_nano.a(libc_a-nano-vfprintf.o)
                0x080099b4                _vfprintf_r
                0x080099b4                _vfiprintf_r
 .text.__swbuf_r
                0x08009be4       0x7c C:/ST/STM32CubeCLT_1.15.0/GNU-tools-for-STM32/bin/../lib/gcc/arm-none-eabi/12.3.1/../../../../arm-none-eabi/lib/thumb/v7e-m+fp/hard\libg_nano.a(libc_a-wbuf.o)
                0x08009be4                __swbuf_r
 .text.__swsetup_r
                0x08009c60       0xac C:/ST/STM32CubeCLT_1.15.0/GNU-tools-for-STM32/bin/../lib/gcc/arm-none-eabi/12.3.1/../../../../arm-none-eabi/lib/thumb/v7e-m+fp/hard\libg_nano.a(libc_a-wsetup.o)
                0x08009c60                __swsetup_r
 .text._raise_r
                0x08009d0c       0x50 C:/ST/STM32CubeCLT_1.15.0/GNU-tools-for-STM32/bin/../lib/gcc/arm-none-eabi/12.3.1/../../../../arm-none-eabi/lib/thumb/v7e-m+fp/hard\libg_nano.a(libc_a-signal.o)
                0x08009d0c                _raise_r
 .text.raise    0x08009d5c       0x10 C:/ST/STM32CubeCLT_1.15.0/GNU-tools-for-STM32/bin/../lib/gcc/arm-none-eabi/12.3.1/../../../../arm-none-eabi/lib/thumb/v7e-m+fp/hard\libg_nano.a(libc_a-signal.o)
                0x08009d5c                raise
 .text._kill_r  0x08009d6c       0x24 C:/ST/STM32CubeCLT_1.15.0/GNU-tools-for-STM32/bin/../lib/gcc/arm-none-eabi/12.3.1/../../../../arm-none-eabi/lib/thumb/v7e-m+fp/hard\libg_nano.a(libc_a-signalr.o)
                0x08009d6c                _kill_r
 .text._getpid_r
                0x08009d90        0x4 C:/ST/STM32CubeCLT_1.15.0/GNU-tools-for-STM32/bin/../lib/gcc/arm-none-eabi/12.3.1/../../../../arm-none-eabi/lib/thumb/v7e-m+fp/hard\libg_nano.a(libc_a-signalr.o)
                0x08009d90                _getpid_r
 .text.__swhatbuf_r
                0x08009d94       0x4c C:/ST/STM32CubeCLT_1.15.0/GNU-tools-for-STM32/bin/../lib/gcc/arm-none-eabi/12.3.1/../../../../arm-none-eabi/lib/thumb/v7e-m+fp/hard\libg_nano.a(libc_a-makebuf.o)
                0x08009d94                __swhatbuf_r
 .text.__smakebuf_r
                0x08009de0       0x78 C:/ST/STM32CubeCLT_1.15.0/GNU-tools-for-STM32/bin/../lib/gcc/arm-none-eabi/12.3.1/../../../../arm-none-eabi/lib/thumb/v7e-m+fp/hard\libg_nano.a(libc_a-makebuf.o)
                0x08009de0                __smakebuf_r
 .text._fstat_r
                0x08009e58       0x24 C:/ST/STM32CubeCLT_1.15.0/GNU-tools-for-STM32/bin/../lib/gcc/arm-none-eabi/12.3.1/../../../../arm-none-eabi/lib/thumb/v7e-m+fp/hard\libg_nano.a(libc_a-fstatr.o)
                0x08009e58                _fstat_r
 .text._isatty_r
                0x08009e7c       0x20 C:/ST/STM32CubeCLT_1.15.0/GNU-tools-for-STM32/bin/../lib/gcc/arm-none-eabi/12.3.1/../../../../arm-none-eabi/lib/thumb/v7e-m+fp/hard\libg_nano.a(libc_a-isattyr.o)
                0x08009e7c                _isatty_r
 *(.glue_7)
 .glue_7        0x08009e9c        0x0 linker stubs
 *(.glue_7t)
 .glue_7t       0x08009e9c        0x0 linker stubs
 *(.eh_frame)
 .eh_frame      0x08009e9c        0x0 C:/ST/STM32CubeCLT_1.15.0/GNU-tools-for-STM32/bin/../lib/gcc/arm-none-eabi/12.3.1/thumb/v7e-m+fp/hard/crtbegin.o
 *(.init)
 .init          0x08009e9c        0x4 C:/ST/STM32CubeCLT_1.15.0/GNU-tools-for-STM32/bin/../lib/gcc/arm-none-eabi/12.3.1/thumb/v7e-m+fp/hard/crti.o
                0x08009e9c                _init
 .init          0x08009ea0        0x8 C:/ST/STM32CubeCLT_1.15.0/GNU-tools-for-STM32/bin/../lib/gcc/arm-none-eabi/12.3.1/thumb/v7e-m+fp/hard/crtn.o
 *(.fini)
 .fini          0x08009ea8        0x4 C:/ST/STM32CubeCLT_1.15.0/GNU-tools-for-STM32/bin/../lib/gcc/arm-none-eabi/12.3.1/thumb/v7e-m+fp/hard/crti.o
                0x08009ea8                _fini
 .fini          0x08009eac        0x8 C:/ST/STM32CubeCLT_1.15.0/GNU-tools-for-STM32/bin/../lib/gcc/arm-none-eabi/12.3.1/thumb/v7e-m+fp/hard/crtn.o
                0x08009eb4                        . = ALIGN (0x4)
                0x08009eb4                        _etext = .

.vfp11_veneer   0x08009eb4        0x0
 .vfp11_veneer  0x08009eb4        0x0 linker stubs

.v4_bx          0x08009eb4        0x0
 .v4_bx         0x08009eb4        0x0 linker stubs

.iplt           0x08009eb4        0x0
 .iplt          0x08009eb4        0x0 C:/ST/STM32CubeCLT_1.15.0/GNU-tools-for-STM32/bin/../lib/gcc/arm-none-eabi/12.3.1/thumb/v7e-m+fp/hard/crtbegin.o

.rodata         0x08009eb8      0x820
                0x08009eb8                        . = ALIGN (0x4)
 *(.rodata)
 .rodata        0x08009eb8       0x9a CMakeFiles/stm32f407-fw.dir/BSP/hw/driver/log.c.obj
 *fill*         0x08009f52        0x2 
 .rodata        0x08009f54       0x5e CMakeFiles/stm32f407-fw.dir/BSP/hw/driver/led.c.obj
 *fill*         0x08009fb2        0x2 
 .rodata        0x08009fb4       0xb0 CMakeFiles/stm32f407-fw.dir/BSP/hw/driver/uart.c.obj
 .rodata        0x0800a064       0xc1 CMakeFiles/stm32f407-fw.dir/BSP/hw/driver/button.c.obj
 *fill*         0x0800a125        0x3 
 .rodata        0x0800a128      0x15f CMakeFiles/stm32f407-fw.dir/BSP/common/hw/src/cli.c.obj
 *(.rodata*)
 *fill*         0x0800a287        0x1 
 .rodata.led_tbl
                0x0800a288       0x30 CMakeFiles/stm32f407-fw.dir/BSP/hw/driver/led.c.obj
 .rodata.uart_hw_tbl
                0x0800a2b8       0x18 CMakeFiles/stm32f407-fw.dir/BSP/hw/driver/uart.c.obj
 .rodata.button_pin
                0x0800a2d0       0x30 CMakeFiles/stm32f407-fw.dir/BSP/hw/driver/button.c.obj
 .rodata.flagBitshiftOffset.0
                0x0800a300        0x8 CMakeFiles/stm32f407-fw.dir/Drivers/STM32F4xx_HAL_Driver/Src/stm32f4xx_hal_dma.c.obj
 .rodata.AHBPrescTable
                0x0800a308       0x10 CMakeFiles/stm32f407-fw.dir/Core/Src/system_stm32f4xx.c.obj
                0x0800a308                AHBPrescTable
 .rodata.APBPrescTable
                0x0800a318        0x8 CMakeFiles/stm32f407-fw.dir/Core/Src/system_stm32f4xx.c.obj
                0x0800a318                APBPrescTable
 .rodata._strtod_l.str1.1
                0x0800a320        0xe C:/ST/STM32CubeCLT_1.15.0/GNU-tools-for-STM32/bin/../lib/gcc/arm-none-eabi/12.3.1/../../../../arm-none-eabi/lib/thumb/v7e-m+fp/hard\libg_nano.a(libc_a-strtod.o)
                                  0xf (size before relaxing)
 *fill*         0x0800a32e        0x2 
 .rodata.fpinan.0
                0x0800a330       0x14 C:/ST/STM32CubeCLT_1.15.0/GNU-tools-for-STM32/bin/../lib/gcc/arm-none-eabi/12.3.1/../../../../arm-none-eabi/lib/thumb/v7e-m+fp/hard\libg_nano.a(libc_a-strtod.o)
 .rodata.fpi.1  0x0800a344       0x14 C:/ST/STM32CubeCLT_1.15.0/GNU-tools-for-STM32/bin/../lib/gcc/arm-none-eabi/12.3.1/../../../../arm-none-eabi/lib/thumb/v7e-m+fp/hard\libg_nano.a(libc_a-strtod.o)
 .rodata.tinytens
                0x0800a358       0x28 C:/ST/STM32CubeCLT_1.15.0/GNU-tools-for-STM32/bin/../lib/gcc/arm-none-eabi/12.3.1/../../../../arm-none-eabi/lib/thumb/v7e-m+fp/hard\libg_nano.a(libc_a-strtod.o)
 .rodata._ctype_
                0x0800a380      0x101 C:/ST/STM32CubeCLT_1.15.0/GNU-tools-for-STM32/bin/../lib/gcc/arm-none-eabi/12.3.1/../../../../arm-none-eabi/lib/thumb/v7e-m+fp/hard\libg_nano.a(libc_a-ctype_.o)
                0x0800a380                _ctype_
 .rodata._setlocale_r.str1.1
                0x0800a481        0x8 C:/ST/STM32CubeCLT_1.15.0/GNU-tools-for-STM32/bin/../lib/gcc/arm-none-eabi/12.3.1/../../../../arm-none-eabi/lib/thumb/v7e-m+fp/hard\libg_nano.a(libc_a-locale.o)
                                  0x9 (size before relaxing)
 .rodata.str1.1
                0x0800a489        0x2 C:/ST/STM32CubeCLT_1.15.0/GNU-tools-for-STM32/bin/../lib/gcc/arm-none-eabi/12.3.1/../../../../arm-none-eabi/lib/thumb/v7e-m+fp/hard\libg_nano.a(libc_a-locale.o)
 .rodata.__gethex.str1.1
                0x0800a489       0x71 C:/ST/STM32CubeCLT_1.15.0/GNU-tools-for-STM32/bin/../lib/gcc/arm-none-eabi/12.3.1/../../../../arm-none-eabi/lib/thumb/v7e-m+fp/hard\libg_nano.a(libc_a-gdtoa-gethex.o)
                                 0x73 (size before relaxing)
 .rodata._Balloc.str1.1
                0x0800a4fa       0x70 C:/ST/STM32CubeCLT_1.15.0/GNU-tools-for-STM32/bin/../lib/gcc/arm-none-eabi/12.3.1/../../../../arm-none-eabi/lib/thumb/v7e-m+fp/hard\libg_nano.a(libc_a-mprec.o)
 .rodata.__multadd.str1.1
                0x0800a56a       0x11 C:/ST/STM32CubeCLT_1.15.0/GNU-tools-for-STM32/bin/../lib/gcc/arm-none-eabi/12.3.1/../../../../arm-none-eabi/lib/thumb/v7e-m+fp/hard\libg_nano.a(libc_a-mprec.o)
 *fill*         0x0800a56a        0x2 
 .rodata.p05.0  0x0800a56c        0xc C:/ST/STM32CubeCLT_1.15.0/GNU-tools-for-STM32/bin/../lib/gcc/arm-none-eabi/12.3.1/../../../../arm-none-eabi/lib/thumb/v7e-m+fp/hard\libg_nano.a(libc_a-mprec.o)
 .rodata.__mprec_bigtens
                0x0800a578       0x28 C:/ST/STM32CubeCLT_1.15.0/GNU-tools-for-STM32/bin/../lib/gcc/arm-none-eabi/12.3.1/../../../../arm-none-eabi/lib/thumb/v7e-m+fp/hard\libg_nano.a(libc_a-mprec.o)
                0x0800a578                __mprec_bigtens
 .rodata.__mprec_tens
                0x0800a5a0       0xc8 C:/ST/STM32CubeCLT_1.15.0/GNU-tools-for-STM32/bin/../lib/gcc/arm-none-eabi/12.3.1/../../../../arm-none-eabi/lib/thumb/v7e-m+fp/hard\libg_nano.a(libc_a-mprec.o)
                0x0800a5a0                __mprec_tens
 .rodata._svfprintf_r.str1.1
                0x0800a668       0x11 C:/ST/STM32CubeCLT_1.15.0/GNU-tools-for-STM32/bin/../lib/gcc/arm-none-eabi/12.3.1/../../../../arm-none-eabi/lib/thumb/v7e-m+fp/hard\libg_nano.a(libc_a-nano-svfprintf.o)
 .rodata._printf_i.str1.1
                0x0800a679       0x22 C:/ST/STM32CubeCLT_1.15.0/GNU-tools-for-STM32/bin/../lib/gcc/arm-none-eabi/12.3.1/../../../../arm-none-eabi/lib/thumb/v7e-m+fp/hard\libg_nano.a(libc_a-nano-vfprintf_i.o)
 .rodata.__assert_func.str1.1
                0x0800a69b       0x3c C:/ST/STM32CubeCLT_1.15.0/GNU-tools-for-STM32/bin/../lib/gcc/arm-none-eabi/12.3.1/../../../../arm-none-eabi/lib/thumb/v7e-m+fp/hard\libg_nano.a(libc_a-assert.o)
                                 0x3d (size before relaxing)
 .rodata._vfprintf_r.str1.1
                0x0800a6d7       0x11 C:/ST/STM32CubeCLT_1.15.0/GNU-tools-for-STM32/bin/../lib/gcc/arm-none-eabi/12.3.1/../../../../arm-none-eabi/lib/thumb/v7e-m+fp/hard\libg_nano.a(libc_a-nano-vfprintf.o)
                0x0800a6e8                        . = ALIGN (0x4)
 *fill*         0x0800a6d7        0x1 

.ARM.extab
 *(.ARM.extab* .gnu.linkonce.armextab.*)

.ARM            0x0800a6d8        0x8
                0x0800a6d8                        __exidx_start = .
 *(.ARM.exidx*)
 .ARM.exidx     0x0800a6d8        0x8 C:/ST/STM32CubeCLT_1.15.0/GNU-tools-for-STM32/bin/../lib/gcc/arm-none-eabi/12.3.1/thumb/v7e-m+fp/hard\libgcc.a(_udivmoddi4.o)
 .ARM.exidx     0x0800a6e0        0x0 C:/ST/STM32CubeCLT_1.15.0/GNU-tools-for-STM32/bin/../lib/gcc/arm-none-eabi/12.3.1/../../../../arm-none-eabi/lib/thumb/v7e-m+fp/hard\libg_nano.a(libc_a-strcmp.o)
                                  0x8 (size before relaxing)
 .ARM.exidx     0x0800a6e0        0x0 C:/ST/STM32CubeCLT_1.15.0/GNU-tools-for-STM32/bin/../lib/gcc/arm-none-eabi/12.3.1/../../../../arm-none-eabi/lib/thumb/v7e-m+fp/hard\libg_nano.a(libc_a-memchr.o)
                                  0x8 (size before relaxing)
                0x0800a6e0                        __exidx_end = .

.rel.dyn        0x0800a6e0        0x0
 .rel.iplt      0x0800a6e0        0x0 C:/ST/STM32CubeCLT_1.15.0/GNU-tools-for-STM32/bin/../lib/gcc/arm-none-eabi/12.3.1/thumb/v7e-m+fp/hard/crtbegin.o

.preinit_array  0x0800a6e0        0x0
                0x0800a6e0                        PROVIDE (__preinit_array_start = .)
 *(.preinit_array*)
                0x0800a6e0                        PROVIDE (__preinit_array_end = .)

.init_array     0x0800a6e0        0x4
                0x0800a6e0                        PROVIDE (__init_array_start = .)
 *(SORT_BY_NAME(.init_array.*))
 *(.init_array*)
 .init_array    0x0800a6e0        0x4 C:/ST/STM32CubeCLT_1.15.0/GNU-tools-for-STM32/bin/../lib/gcc/arm-none-eabi/12.3.1/thumb/v7e-m+fp/hard/crtbegin.o
                0x0800a6e4                        PROVIDE (__init_array_end = .)

.fini_array     0x0800a6e4        0x4
                [!provide]                        PROVIDE (__fini_array_start = .)
 *(SORT_BY_NAME(.fini_array.*))
 *(.fini_array*)
 .fini_array    0x0800a6e4        0x4 C:/ST/STM32CubeCLT_1.15.0/GNU-tools-for-STM32/bin/../lib/gcc/arm-none-eabi/12.3.1/thumb/v7e-m+fp/hard/crtbegin.o
                [!provide]                        PROVIDE (__fini_array_end = .)
                0x0800a6e8                        _sidata = LOADADDR (.data)

.data           0x20000000      0x1dc load address 0x0800a6e8
                0x20000000                        . = ALIGN (0x4)
                0x20000000                        _sdata = .
 *(.data)
 *(.data*)
 .data.__sglue  0x20000000        0xc C:/ST/STM32CubeCLT_1.15.0/GNU-tools-for-STM32/bin/../lib/gcc/arm-none-eabi/12.3.1/../../../../arm-none-eabi/lib/thumb/v7e-m+fp/hard\libc_nano.a(libc_a-findfp.o)
                0x20000000                __sglue
 .data._impure_ptr
                0x2000000c        0x4 C:/ST/STM32CubeCLT_1.15.0/GNU-tools-for-STM32/bin/../lib/gcc/arm-none-eabi/12.3.1/../../../../arm-none-eabi/lib/thumb/v7e-m+fp/hard\libc_nano.a(libc_a-impure.o)
                0x2000000c                _impure_ptr
 .data._impure_data
                0x20000010       0x4c C:/ST/STM32CubeCLT_1.15.0/GNU-tools-for-STM32/bin/../lib/gcc/arm-none-eabi/12.3.1/../../../../arm-none-eabi/lib/thumb/v7e-m+fp/hard\libc_nano.a(libc_a-impure.o)
                0x20000010                _impure_data
 .data.is_boot_log
                0x2000005c        0x1 CMakeFiles/stm32f407-fw.dir/BSP/hw/driver/log.c.obj
 .data.is_enable
                0x2000005d        0x1 CMakeFiles/stm32f407-fw.dir/BSP/hw/driver/log.c.obj
 .data.is_enable
                0x2000005e        0x1 CMakeFiles/stm32f407-fw.dir/BSP/hw/driver/button.c.obj
 .data.event_level
                0x2000005f        0x1 CMakeFiles/stm32f407-fw.dir/BSP/hw/driver/button.c.obj
 .data.delim.0  0x20000060        0x4 CMakeFiles/stm32f407-fw.dir/BSP/common/hw/src/cli.c.obj
 .data.uwTickPrio
                0x20000064        0x4 CMakeFiles/stm32f407-fw.dir/Drivers/STM32F4xx_HAL_Driver/Src/stm32f4xx_hal.c.obj
                0x20000064                uwTickPrio
 .data.uwTickFreq
                0x20000068        0x1 CMakeFiles/stm32f407-fw.dir/Drivers/STM32F4xx_HAL_Driver/Src/stm32f4xx_hal.c.obj
                0x20000068                uwTickFreq
 *fill*         0x20000069        0x3 
 .data.SystemCoreClock
                0x2000006c        0x4 CMakeFiles/stm32f407-fw.dir/Core/Src/system_stm32f4xx.c.obj
                0x2000006c                SystemCoreClock
 .data.__global_locale
                0x20000070      0x16c C:/ST/STM32CubeCLT_1.15.0/GNU-tools-for-STM32/bin/../lib/gcc/arm-none-eabi/12.3.1/../../../../arm-none-eabi/lib/thumb/v7e-m+fp/hard\libg_nano.a(libc_a-locale.o)
                0x20000070                __global_locale
                0x200001dc                        . = ALIGN (0x4)
                0x200001dc                        _edata = .
                0x0800aaf0                        _siccmram = LOADADDR (.ccmram)

.igot.plt       0x200001dc        0x0 load address 0x0800a8c4
 .igot.plt      0x200001dc        0x0 C:/ST/STM32CubeCLT_1.15.0/GNU-tools-for-STM32/bin/../lib/gcc/arm-none-eabi/12.3.1/thumb/v7e-m+fp/hard/crtbegin.o

.non_cache      0x200001dc      0x22c load address 0x0800a8c4
 .non_cache     0x200001dc      0x22c CMakeFiles/stm32f407-fw.dir/BSP/hw/driver/uart.c.obj

.ccmram         0x10000000        0x0 load address 0x0800aaf0
                0x10000000                        . = ALIGN (0x4)
                0x10000000                        _sccmram = .
 *(.ccmram)
 *(.ccmram*)
                0x10000000                        . = ALIGN (0x4)
                0x10000000                        _eccmram = .
                0x10000000                        . = ALIGN (0x4)

.bss            0x20000408     0x2344
                0x20000408                        _sbss = .
                0x20000408                        __bss_start__ = _sbss
 *(.bss)
 .bss           0x20000408       0x1c C:/ST/STM32CubeCLT_1.15.0/GNU-tools-for-STM32/bin/../lib/gcc/arm-none-eabi/12.3.1/thumb/v7e-m+fp/hard/crtbegin.o
 *(.bss*)
 .bss.__sf      0x20000424      0x138 C:/ST/STM32CubeCLT_1.15.0/GNU-tools-for-STM32/bin/../lib/gcc/arm-none-eabi/12.3.1/../../../../arm-none-eabi/lib/thumb/v7e-m+fp/hard\libc_nano.a(libc_a-findfp.o)
                0x20000424                __sf
 .bss.__stdio_exit_handler
                0x2000055c        0x4 C:/ST/STM32CubeCLT_1.15.0/GNU-tools-for-STM32/bin/../lib/gcc/arm-none-eabi/12.3.1/../../../../arm-none-eabi/lib/thumb/v7e-m+fp/hard\libc_nano.a(libc_a-findfp.o)
                0x2000055c                __stdio_exit_handler
 .bss.errno     0x20000560        0x4 C:/ST/STM32CubeCLT_1.15.0/GNU-tools-for-STM32/bin/../lib/gcc/arm-none-eabi/12.3.1/../../../../arm-none-eabi/lib/thumb/v7e-m+fp/hard\libc_nano.a(libc_a-reent.o)
                0x20000560                errno
 .bss.__lock___malloc_recursive_mutex
                0x20000564        0x1 C:/ST/STM32CubeCLT_1.15.0/GNU-tools-for-STM32/bin/../lib/gcc/arm-none-eabi/12.3.1/../../../../arm-none-eabi/lib/thumb/v7e-m+fp/hard\libc_nano.a(libc_a-lock.o)
                0x20000564                __lock___malloc_recursive_mutex
 .bss.__lock___sfp_recursive_mutex
                0x20000565        0x1 C:/ST/STM32CubeCLT_1.15.0/GNU-tools-for-STM32/bin/../lib/gcc/arm-none-eabi/12.3.1/../../../../arm-none-eabi/lib/thumb/v7e-m+fp/hard\libc_nano.a(libc_a-lock.o)
                0x20000565                __lock___sfp_recursive_mutex
 *fill*         0x20000566        0x2 
 .bss.__malloc_sbrk_start
                0x20000568        0x4 C:/ST/STM32CubeCLT_1.15.0/GNU-tools-for-STM32/bin/../lib/gcc/arm-none-eabi/12.3.1/../../../../arm-none-eabi/lib/thumb/v7e-m+fp/hard\libc_nano.a(libc_a-mallocr.o)
                0x20000568                __malloc_sbrk_start
 .bss.__malloc_free_list
                0x2000056c        0x4 C:/ST/STM32CubeCLT_1.15.0/GNU-tools-for-STM32/bin/../lib/gcc/arm-none-eabi/12.3.1/../../../../arm-none-eabi/lib/thumb/v7e-m+fp/hard\libc_nano.a(libc_a-mallocr.o)
                0x2000056c                __malloc_free_list
 .bss.log_buf_boot
                0x20000570        0xc CMakeFiles/stm32f407-fw.dir/BSP/hw/driver/log.c.obj
                0x20000570                log_buf_boot
 .bss.log_buf_list
                0x2000057c        0xc CMakeFiles/stm32f407-fw.dir/BSP/hw/driver/log.c.obj
                0x2000057c                log_buf_list
 .bss.buf_boot  0x20000588      0x800 CMakeFiles/stm32f407-fw.dir/BSP/hw/driver/log.c.obj
 .bss.buf_list  0x20000d88     0x1000 CMakeFiles/stm32f407-fw.dir/BSP/hw/driver/log.c.obj
 .bss.is_init   0x20001d88        0x1 CMakeFiles/stm32f407-fw.dir/BSP/hw/driver/log.c.obj
 .bss.is_open   0x20001d89        0x1 CMakeFiles/stm32f407-fw.dir/BSP/hw/driver/log.c.obj
 .bss.log_ch    0x20001d8a        0x1 CMakeFiles/stm32f407-fw.dir/BSP/hw/driver/log.c.obj
 *fill*         0x20001d8b        0x1 
 .bss.print_buf
                0x20001d8c      0x100 CMakeFiles/stm32f407-fw.dir/BSP/hw/driver/log.c.obj
 .bss.is_init   0x20001e8c        0x1 CMakeFiles/stm32f407-fw.dir/BSP/hw/driver/uart.c.obj
 *fill*         0x20001e8d        0x1 
 .bss.sw_timer_handle_index
                0x20001e8e        0x2 CMakeFiles/stm32f407-fw.dir/BSP/hw/driver/swtimer.c.obj
 .bss.swtimer_tbl
                0x20001e90       0x14 CMakeFiles/stm32f407-fw.dir/BSP/hw/driver/swtimer.c.obj
 .bss.excute.0  0x20001ea4        0x1 CMakeFiles/stm32f407-fw.dir/BSP/hw/driver/swtimer.c.obj
 *fill*         0x20001ea5        0x3 
 .bss.button_tbl
                0x20001ea8       0x84 CMakeFiles/stm32f407-fw.dir/BSP/hw/driver/button.c.obj
 .bss.event_cnt
                0x20001f2c        0x2 CMakeFiles/stm32f407-fw.dir/BSP/hw/driver/button.c.obj
 *fill*         0x20001f2e        0x2 
 .bss.event_tbl
                0x20001f30       0x20 CMakeFiles/stm32f407-fw.dir/BSP/hw/driver/button.c.obj
 .bss.cli_node  0x20001f50      0x690 CMakeFiles/stm32f407-fw.dir/BSP/common/hw/src/cli.c.obj
                0x20001f50                cli_node
 .bss.hi2c1     0x200025e0       0x54 CMakeFiles/stm32f407-fw.dir/Core/Src/i2c.c.obj
                0x200025e0                hi2c1
 .bss.hrtc      0x20002634       0x20 CMakeFiles/stm32f407-fw.dir/Core/Src/rtc.c.obj
                0x20002634                hrtc
 .bss.htim13    0x20002654       0x48 CMakeFiles/stm32f407-fw.dir/Core/Src/tim.c.obj
                0x20002654                htim13
 .bss.huart3    0x2000269c       0x48 CMakeFiles/stm32f407-fw.dir/Core/Src/usart.c.obj
                0x2000269c                huart3
 .bss.hdma_usart3_rx
                0x200026e4       0x60 CMakeFiles/stm32f407-fw.dir/Core/Src/usart.c.obj
                0x200026e4                hdma_usart3_rx
 .bss.uwTick    0x20002744        0x4 CMakeFiles/stm32f407-fw.dir/Drivers/STM32F4xx_HAL_Driver/Src/stm32f4xx_hal.c.obj
                0x20002744                uwTick
 .bss.__sbrk_heap_end
                0x20002748        0x4 CMakeFiles/stm32f407-fw.dir/Core/Src/sysmem.c.obj
 *(COMMON)
                0x2000274c                        . = ALIGN (0x4)
                0x2000274c                        _ebss = .
                0x2000274c                        __bss_end__ = _ebss

._user_heap_stack
                0x2000274c      0x604
                0x20002750                        . = ALIGN (0x8)
 *fill*         0x2000274c        0x4 
                [!provide]                        PROVIDE (end = .)
                0x20002750                        PROVIDE (_end = .)
                0x20002950                        . = (. + _Min_Heap_Size)
 *fill*         0x20002750      0x200 
                0x20002d50                        . = (. + _Min_Stack_Size)
 *fill*         0x20002950      0x400 
                0x20002d50                        . = ALIGN (0x8)

/DISCARD/
 libc.a(*)
 libm.a(*)
 libgcc.a(*)

.ARM.attributes
                0x00000000       0x30
 *(.ARM.attributes)
 .ARM.attributes
                0x00000000       0x22 C:/ST/STM32CubeCLT_1.15.0/GNU-tools-for-STM32/bin/../lib/gcc/arm-none-eabi/12.3.1/thumb/v7e-m+fp/hard/crti.o
 .ARM.attributes
                0x00000022       0x34 C:/ST/STM32CubeCLT_1.15.0/GNU-tools-for-STM32/bin/../lib/gcc/arm-none-eabi/12.3.1/thumb/v7e-m+fp/hard/crtbegin.o
 .ARM.attributes
                0x00000056       0x34 C:/ST/STM32CubeCLT_1.15.0/GNU-tools-for-STM32/bin/../lib/gcc/arm-none-eabi/12.3.1/../../../../arm-none-eabi/lib/thumb/v7e-m+fp/hard\libc_nano.a(libc_a-findfp.o)
 .ARM.attributes
                0x0000008a       0x34 C:/ST/STM32CubeCLT_1.15.0/GNU-tools-for-STM32/bin/../lib/gcc/arm-none-eabi/12.3.1/../../../../arm-none-eabi/lib/thumb/v7e-m+fp/hard\libc_nano.a(libc_a-fwalk.o)
 .ARM.attributes
                0x000000be       0x34 C:/ST/STM32CubeCLT_1.15.0/GNU-tools-for-STM32/bin/../lib/gcc/arm-none-eabi/12.3.1/../../../../arm-none-eabi/lib/thumb/v7e-m+fp/hard\libc_nano.a(libc_a-stdio.o)
 .ARM.attributes
                0x000000f2       0x34 C:/ST/STM32CubeCLT_1.15.0/GNU-tools-for-STM32/bin/../lib/gcc/arm-none-eabi/12.3.1/../../../../arm-none-eabi/lib/thumb/v7e-m+fp/hard\libc_nano.a(libc_a-memset.o)
 .ARM.attributes
                0x00000126       0x34 C:/ST/STM32CubeCLT_1.15.0/GNU-tools-for-STM32/bin/../lib/gcc/arm-none-eabi/12.3.1/../../../../arm-none-eabi/lib/thumb/v7e-m+fp/hard\libc_nano.a(libc_a-closer.o)
 .ARM.attributes
                0x0000015a       0x34 C:/ST/STM32CubeCLT_1.15.0/GNU-tools-for-STM32/bin/../lib/gcc/arm-none-eabi/12.3.1/../../../../arm-none-eabi/lib/thumb/v7e-m+fp/hard\libc_nano.a(libc_a-reent.o)
 .ARM.attributes
                0x0000018e       0x34 C:/ST/STM32CubeCLT_1.15.0/GNU-tools-for-STM32/bin/../lib/gcc/arm-none-eabi/12.3.1/../../../../arm-none-eabi/lib/thumb/v7e-m+fp/hard\libc_nano.a(libc_a-impure.o)
 .ARM.attributes
                0x000001c2       0x34 C:/ST/STM32CubeCLT_1.15.0/GNU-tools-for-STM32/bin/../lib/gcc/arm-none-eabi/12.3.1/../../../../arm-none-eabi/lib/thumb/v7e-m+fp/hard\libc_nano.a(libc_a-lseekr.o)
 .ARM.attributes
                0x000001f6       0x34 C:/ST/STM32CubeCLT_1.15.0/GNU-tools-for-STM32/bin/../lib/gcc/arm-none-eabi/12.3.1/../../../../arm-none-eabi/lib/thumb/v7e-m+fp/hard\libc_nano.a(libc_a-readr.o)
 .ARM.attributes
                0x0000022a       0x34 C:/ST/STM32CubeCLT_1.15.0/GNU-tools-for-STM32/bin/../lib/gcc/arm-none-eabi/12.3.1/../../../../arm-none-eabi/lib/thumb/v7e-m+fp/hard\libc_nano.a(libc_a-writer.o)
 .ARM.attributes
                0x0000025e       0x34 C:/ST/STM32CubeCLT_1.15.0/GNU-tools-for-STM32/bin/../lib/gcc/arm-none-eabi/12.3.1/../../../../arm-none-eabi/lib/thumb/v7e-m+fp/hard\libc_nano.a(libc_a-init.o)
 .ARM.attributes
                0x00000292       0x34 C:/ST/STM32CubeCLT_1.15.0/GNU-tools-for-STM32/bin/../lib/gcc/arm-none-eabi/12.3.1/../../../../arm-none-eabi/lib/thumb/v7e-m+fp/hard\libc_nano.a(libc_a-lock.o)
 .ARM.attributes
                0x000002c6       0x34 C:/ST/STM32CubeCLT_1.15.0/GNU-tools-for-STM32/bin/../lib/gcc/arm-none-eabi/12.3.1/../../../../arm-none-eabi/lib/thumb/v7e-m+fp/hard\libc_nano.a(libc_a-freer.o)
 .ARM.attributes
                0x000002fa       0x34 C:/ST/STM32CubeCLT_1.15.0/GNU-tools-for-STM32/bin/../lib/gcc/arm-none-eabi/12.3.1/../../../../arm-none-eabi/lib/thumb/v7e-m+fp/hard\libc_nano.a(libc_a-mallocr.o)
 .ARM.attributes
                0x0000032e       0x34 C:/ST/STM32CubeCLT_1.15.0/GNU-tools-for-STM32/bin/../lib/gcc/arm-none-eabi/12.3.1/../../../../arm-none-eabi/lib/thumb/v7e-m+fp/hard\libc_nano.a(libc_a-mlock.o)
 .ARM.attributes
                0x00000362       0x34 C:/ST/STM32CubeCLT_1.15.0/GNU-tools-for-STM32/bin/../lib/gcc/arm-none-eabi/12.3.1/../../../../arm-none-eabi/lib/thumb/v7e-m+fp/hard\libc_nano.a(libc_a-fflush.o)
 .ARM.attributes
                0x00000396       0x34 C:/ST/STM32CubeCLT_1.15.0/GNU-tools-for-STM32/bin/../lib/gcc/arm-none-eabi/12.3.1/../../../../arm-none-eabi/lib/thumb/v7e-m+fp/hard\libc_nano.a(libc_a-sbrkr.o)
 .ARM.attributes
                0x000003ca       0x34 CMakeFiles/stm32f407-fw.dir/BSP/hw/hw.c.obj
 .ARM.attributes
                0x000003fe       0x34 CMakeFiles/stm32f407-fw.dir/BSP/hw/driver/log.c.obj
 .ARM.attributes
                0x00000432       0x34 CMakeFiles/stm32f407-fw.dir/BSP/hw/driver/led.c.obj
 .ARM.attributes
                0x00000466       0x34 CMakeFiles/stm32f407-fw.dir/BSP/hw/driver/uart.c.obj
 .ARM.attributes
                0x0000049a       0x34 CMakeFiles/stm32f407-fw.dir/BSP/hw/driver/swtimer.c.obj
 .ARM.attributes
                0x000004ce       0x34 CMakeFiles/stm32f407-fw.dir/BSP/hw/driver/button.c.obj
 .ARM.attributes
                0x00000502       0x34 CMakeFiles/stm32f407-fw.dir/BSP/common/hw/src/cli.c.obj
 .ARM.attributes
                0x00000536       0x34 CMakeFiles/stm32f407-fw.dir/BSP/common/core/qbuffer.c.obj
 .ARM.attributes
                0x0000056a       0x34 CMakeFiles/stm32f407-fw.dir/BSP/bsp/bsp.c.obj
 .ARM.attributes
                0x0000059e       0x34 CMakeFiles/stm32f407-fw.dir/BSP/ap/ap.c.obj
 .ARM.attributes
                0x000005d2       0x34 CMakeFiles/stm32f407-fw.dir/Core/Src/main.c.obj
 .ARM.attributes
                0x00000606       0x34 CMakeFiles/stm32f407-fw.dir/Core/Src/gpio.c.obj
 .ARM.attributes
                0x0000063a       0x34 CMakeFiles/stm32f407-fw.dir/Core/Src/dma.c.obj
 .ARM.attributes
                0x0000066e       0x34 CMakeFiles/stm32f407-fw.dir/Core/Src/i2c.c.obj
 .ARM.attributes
                0x000006a2       0x34 CMakeFiles/stm32f407-fw.dir/Core/Src/rtc.c.obj
 .ARM.attributes
                0x000006d6       0x34 CMakeFiles/stm32f407-fw.dir/Core/Src/tim.c.obj
 .ARM.attributes
                0x0000070a       0x34 CMakeFiles/stm32f407-fw.dir/Core/Src/usart.c.obj
 .ARM.attributes
                0x0000073e       0x34 CMakeFiles/stm32f407-fw.dir/Core/Src/stm32f4xx_it.c.obj
 .ARM.attributes
                0x00000772       0x34 CMakeFiles/stm32f407-fw.dir/Core/Src/stm32f4xx_hal_msp.c.obj
 .ARM.attributes
                0x000007a6       0x34 CMakeFiles/stm32f407-fw.dir/Drivers/STM32F4xx_HAL_Driver/Src/stm32f4xx_hal_i2c.c.obj
 .ARM.attributes
                0x000007da       0x34 CMakeFiles/stm32f407-fw.dir/Drivers/STM32F4xx_HAL_Driver/Src/stm32f4xx_hal_rcc.c.obj
 .ARM.attributes